[    0.000000] Initializing cgroup subsys cpuset
[    0.000000] Initializing cgroup subsys cpu
[    0.000000] Initializing cgroup subsys cpuacct
[    0.000000] Linux version 4.4.0-66-generic (buildd@lgw01-28) (gcc version 5.4.0 20160609 (Ubuntu 5.4.0-6ubuntu1~16.04.4) ) #87-Ubuntu SMP Fri Mar 3 15:29:05 UTC 2017 (Ubuntu 4.4.0-66.87-generic 4.4.44)
[    0.000000] Command line: BOOT_IMAGE=/boot/vmlinuz-4.4.0-66-generic root=UUID=7664720c-3742-49b9-b4d5-196d2a148900 ro console=tty1 console=ttyS0
[    0.000000] KERNEL supported cpus:
[    0.000000]   Intel GenuineIntel
[    0.000000]   AMD AuthenticAMD
[    0.000000]   Centaur CentaurHauls
[    0.000000] x86/fpu: xstate_offset[2]:  576, xstate_sizes[2]:  256
[    0.000000] x86/fpu: Supporting XSAVE feature 0x01: 'x87 floating point registers'
[    0.000000] x86/fpu: Supporting XSAVE feature 0x02: 'SSE registers'
[    0.000000] x86/fpu: Supporting XSAVE feature 0x04: 'AVX registers'
[    0.000000] x86/fpu: Enabled xstate features 0x7, context size is 832 bytes, using 'standard' format.
[    0.000000] x86/fpu: Using 'lazy' FPU context switches.
[    0.000000] e820: BIOS-provided physical RAM map:
[    0.000000] BIOS-e820: [mem 0x0000000000000000-0x000000000009fbff] usable
[    0.000000] BIOS-e820: [mem 0x000000000009fc00-0x000000000009ffff] reserved
[    0.000000] BIOS-e820: [mem 0x00000000000f0000-0x00000000000fffff] reserved
[    0.000000] BIOS-e820: [mem 0x0000000000100000-0x000000003ffeffff] usable
[    0.000000] BIOS-e820: [mem 0x000000003fff0000-0x000000003fffffff] ACPI data
[    0.000000] BIOS-e820: [mem 0x00000000fec00000-0x00000000fec00fff] reserved
[    0.000000] BIOS-e820: [mem 0x00000000fee00000-0x00000000fee00fff] reserved
[    0.000000] BIOS-e820: [mem 0x00000000fffc0000-0x00000000ffffffff] reserved
[    0.000000] NX (Execute Disable) protection: active
[    0.000000] SMBIOS 2.5 present.
[    0.000000] Hypervisor detected: KVM
[    0.000000] e820: last_pfn = 0x3fff0 max_arch_pfn = 0x400000000
[    0.000000] MTRR: Disabled
[    0.000000] x86/PAT: MTRRs disabled, skipping PAT initialization too.
[    0.000000] x86/PAT: Configuration [0-7]: WB  WT  UC- UC  WB  WT  UC- UC  
[    0.000000] CPU MTRRs all blank - virtualized system.
[    0.000000] found SMP MP-table at [mem 0x0009fff0-0x0009ffff] mapped at [ffff88000009fff0]
[    0.000000] Scanning 1 areas for low memory corruption
[    0.000000] RAMDISK: [mem 0x3623a000-0x37114fff]
[    0.000000] ACPI: Early table checksum verification disabled
[    0.000000] ACPI: RSDP 0x00000000000E0000 000024 (v02 VBOX  )
[    0.000000] ACPI: XSDT 0x000000003FFF0030 00003C (v01 VBOX   VBOXXSDT 00000001 ASL  00000061)
[    0.000000] ACPI: FACP 0x000000003FFF00F0 0000F4 (v04 VBOX   VBOXFACP 00000001 ASL  00000061)
[    0.000000] ACPI: DSDT 0x000000003FFF0470 00210F (v01 VBOX   VBOXBIOS 00000002 INTL 20100528)
[    0.000000] ACPI: FACS 0x000000003FFF0200 000040
[    0.000000] ACPI: FACS 0x000000003FFF0200 000040
[    0.000000] ACPI: APIC 0x000000003FFF0240 00005C (v02 VBOX   VBOXAPIC 00000001 ASL  00000061)
[    0.000000] ACPI: SSDT 0x000000003FFF02A0 0001CC (v01 VBOX   VBOXCPUT 00000002 INTL 20100528)
[    0.000000] No NUMA configuration found
[    0.000000] Faking a node at [mem 0x0000000000000000-0x000000003ffeffff]
[    0.000000] NODE_DATA(0) allocated [mem 0x3ffeb000-0x3ffeffff]
[    0.000000] kvm-clock: Using msrs 4b564d01 and 4b564d00
[    0.000000] kvm-clock: cpu 0, msr 0:3ffe3001, primary cpu clock
[    0.000000] kvm-clock: using sched offset of 3175728408 cycles
[    0.000000] clocksource: kvm-clock: mask: 0xffffffffffffffff max_cycles: 0x1cd42e4dffb, max_idle_ns: 881590591483 ns
[    0.000000] Zone ranges:
[    0.000000]   DMA      [mem 0x0000000000001000-0x0000000000ffffff]
[    0.000000]   DMA32    [mem 0x0000000001000000-0x000000003ffeffff]
[    0.000000]   Normal   empty
[    0.000000]   Device   empty
[    0.000000] Movable zone start for each node
[    0.000000] Early memory node ranges
[    0.000000]   node   0: [mem 0x0000000000001000-0x000000000009efff]
[    0.000000]   node   0: [mem 0x0000000000100000-0x000000003ffeffff]
[    0.000000] Initmem setup node 0 [mem 0x0000000000001000-0x000000003ffeffff]
[    0.000000] ACPI: PM-Timer IO Port: 0x4008
[    0.000000] IOAPIC[0]: apic_id 2, version 32, address 0xfec00000, GSI 0-23
[    0.000000] ACPI: INT_SRC_OVR (bus 0 bus_irq 0 global_irq 2 dfl dfl)
[    0.000000] ACPI: INT_SRC_OVR (bus 0 bus_irq 9 global_irq 9 high level)
[    0.000000] Using ACPI (MADT) for SMP configuration information
[    0.000000] smpboot: Allowing 2 CPUs, 0 hotplug CPUs
[    0.000000] PM: Registered nosave memory: [mem 0x00000000-0x00000fff]
[    0.000000] PM: Registered nosave memory: [mem 0x0009f000-0x0009ffff]
[    0.000000] PM: Registered nosave memory: [mem 0x000a0000-0x000effff]
[    0.000000] PM: Registered nosave memory: [mem 0x000f0000-0x000fffff]
[    0.000000] e820: [mem 0x40000000-0xfebfffff] available for PCI devices
[    0.000000] Booting paravirtualized kernel on KVM
[    0.000000] clocksource: refined-jiffies: mask: 0xffffffff max_cycles: 0xffffffff, max_idle_ns: 7645519600211568 ns
[    0.000000] setup_percpu: NR_CPUS:512 nr_cpumask_bits:512 nr_cpu_ids:2 nr_node_ids:1
[    0.000000] PERCPU: Embedded 33 pages/cpu @ffff88003fc00000 s98264 r8192 d28712 u1048576
[    0.000000] PV qspinlock hash table entries: 256 (order: 0, 4096 bytes)
[    0.000000] Built 1 zonelists in Node order, mobility grouping on.  Total pages: 257913
[    0.000000] Policy zone: DMA32
[    0.000000] Kernel command line: BOOT_IMAGE=/boot/vmlinuz-4.4.0-66-generic root=UUID=7664720c-3742-49b9-b4d5-196d2a148900 ro console=tty1 console=ttyS0
[    0.000000] PID hash table entries: 4096 (order: 3, 32768 bytes)
[    0.000000] Memory: 997364K/1048120K available (8452K kernel code, 1293K rwdata, 3980K rodata, 1488K init, 1316K bss, 50756K reserved, 0K cma-reserved)
[    0.000000] SLUB: HWalign=64, Order=0-3, MinObjects=0, CPUs=2, Nodes=1
[    0.000000] Hierarchical RCU implementation.
[    0.000000] 	Build-time adjustment of leaf fanout to 64.
[    0.000000] 	RCU restricting CPUs from NR_CPUS=512 to nr_cpu_ids=2.
[    0.000000] RCU: Adjusting geometry for rcu_fanout_leaf=64, nr_cpu_ids=2
[    0.000000] NR_IRQS:33024 nr_irqs:440 16
[    0.000000] Console: colour VGA+ 80x25
[    0.000000] console [tty1] enabled
[    0.000000] console [ttyS0] enabled
[    0.000000] tsc: Detected 2194.918 MHz processor
[   12.683124] Calibrating delay loop (skipped) preset value.. 4389.83 BogoMIPS (lpj=8779672)
[   12.878040] pid_max: default: 32768 minimum: 301
[   12.981554] ACPI: Core revision 20150930
[   13.052409] ACPI: 2 ACPI AML tables successfully acquired and loaded
[   13.138141] Security Framework initialized
[   13.163177] Yama: becoming mindful.
[   13.223746] AppArmor: AppArmor initialized
[   13.313072] Dentry cache hash table entries: 131072 (order: 8, 1048576 bytes)
[   13.486952] Inode-cache hash table entries: 65536 (order: 7, 524288 bytes)
[   13.660937] Mount-cache hash table entries: 2048 (order: 2, 16384 bytes)
[   13.825191] Mountpoint-cache hash table entries: 2048 (order: 2, 16384 bytes)
[   14.010641] Initializing cgroup subsys io
[   14.073029] Initializing cgroup subsys memory
[   14.186330] Initializing cgroup subsys devices
[   14.226449] Initializing cgroup subsys freezer
[   14.278266] Initializing cgroup subsys net_cls
[   14.374424] Initializing cgroup subsys perf_event
[   14.470649] Initializing cgroup subsys net_prio
[   14.570336] Initializing cgroup subsys hugetlb
[   14.660285] Initializing cgroup subsys pids
[   14.755653] CPU: Physical Processor ID: 0
[   14.841686] CPU: Processor Core ID: 0
[   14.916817] mce: CPU supports 0 MCE banks
[   15.009053] Last level iTLB entries: 4KB 1024, 2MB 1024, 4MB 1024
[   15.159977] Last level dTLB entries: 4KB 1024, 2MB 1024, 4MB 1024, 1GB 4
[   15.296939] Freeing SMP alternatives memory: 32K (ffffffff820b9000 - ffffffff820c1000)
[   15.403082] ftrace: allocating 32123 entries in 126 pages
[   15.584777] smpboot: APIC(0) Converting physical 0 to logical package 0
[   15.739101] smpboot: Max logical packages: 1
[   15.844099] x2apic enabled
[   15.902345] Switched APIC routing to physical x2apic.
[   15.951353] ..TIMER: vector=0x30 apic1=0 pin1=2 apic2=-1 pin2=-1
[   16.057730] smpboot: CPU0: Intel(R) Core(TM) i7-4770HQ CPU @ 2.20GHz (family: 0x6, model: 0x46, stepping: 0x1)
[   16.298058] Performance Events: unsupported p6 CPU model 70 no PMU driver, software events only.
[   16.299951] KVM setup paravirtual spinlock
[   16.301461] x86: Booting SMP configuration:
[   16.302212] .... node  #0, CPUs:      #1
[   16.374380] kvm-clock: cpu 1, msr 0:3ffe3041, secondary cpu clock
[   16.392600] mce: CPU supports 0 MCE banks
[   16.414832] x86: Booted up 1 node, 2 CPUs
[   16.467107] smpboot: Total of 2 processors activated (8779.67 BogoMIPS)
[   16.628538] devtmpfs: initialized
[   16.715220] evm: security.selinux
[   16.751372] evm: security.SMACK64
[   16.752019] evm: security.SMACK64EXEC
[   16.752708] evm: security.SMACK64TRANSMUTE
[   16.753443] evm: security.SMACK64MMAP
[   16.754138] evm: security.ima
[   16.754737] evm: security.capability
[   16.755628] clocksource: jiffies: mask: 0xffffffff max_cycles: 0xffffffff, max_idle_ns: 7645041785100000 ns
[   16.757366] pinctrl core: initialized pinctrl subsystem
[   16.759811] RTC time: 15:29:48, date: 03/13/17
[   16.788730] NET: Registered protocol family 16
[   16.894595] cpuidle: using governor ladder
[   16.983070] cpuidle: using governor menu
[   17.018882] PCCT header not found.
[   17.026412] ACPI: bus type PCI registered
[   17.118345] acpiphp: ACPI Hot Plug PCI Controller Driver version: 0.5
[   17.297493] PCI: Using configuration type 1 for base access
[   17.403849] ACPI: Added _OSI(Module Device)
[   17.466107] ACPI: Added _OSI(Processor Device)
[   17.491641] ACPI: Added _OSI(3.0 _SCP Extensions)
[   17.556039] ACPI: Added _OSI(Processor Aggregator Device)
[   17.680857] ACPI: Executed 1 blocks of module-level executable AML code
[   17.721033] ACPI: Interpreter enabled
[   17.721925] ACPI: (supports S0 S5)
[   17.722619] ACPI: Using IOAPIC for interrupt routing
[   17.724698] PCI: Using host bridge windows from ACPI; if necessary, use "pci=nocrs" and report a bug
[   17.729763] ACPI: PCI Root Bridge [PCI0] (domain 0000 [bus 00-ff])
[   17.889736] acpi PNP0A03:00: _OSC: OS supports [ASPM ClockPM Segments MSI]
[   18.065748] acpi PNP0A03:00: _OSC failed (AE_NOT_FOUND); disabling ASPM
[   18.230909] acpi PNP0A03:00: fail to add MMCONFIG information, can't access extended PCI configuration space under this bridge.
[   18.524514] PCI host bridge to bus 0000:00
[   18.570394] pci_bus 0000:00: root bus resource [io  0x0000-0x0cf7 window]
[   18.596743] pci_bus 0000:00: root bus resource [io  0x0d00-0xffff window]
[   18.597889] pci_bus 0000:00: root bus resource [mem 0x000a0000-0x000bffff window]
[   18.600604] pci_bus 0000:00: root bus resource [mem 0x40000000-0xffdfffff window]
[   18.601938] pci_bus 0000:00: root bus resource [bus 00-ff]
[   18.631935] pci 0000:00:01.1: legacy IDE quirk: reg 0x10: [io  0x01f0-0x01f7]
[   18.809981] pci 0000:00:01.1: legacy IDE quirk: reg 0x14: [io  0x03f6]
[   18.949963] pci 0000:00:01.1: legacy IDE quirk: reg 0x18: [io  0x0170-0x0177]
[   19.118488] pci 0000:00:01.1: legacy IDE quirk: reg 0x1c: [io  0x0376]
[   19.277987] pci 0000:00:07.0: quirk: [io  0x4000-0x403f] claimed by PIIX4 ACPI
[   19.464433] pci 0000:00:07.0: quirk: [io  0x4100-0x410f] claimed by PIIX4 SMB
[   19.640141] ACPI: PCI Interrupt Link [LNKA] (IRQs 5 9 10 *11)
[   19.664317] ACPI: PCI Interrupt Link [LNKB] (IRQs 5 9 10 *11)
[   19.745710] ACPI: PCI Interrupt Link [LNKC] (IRQs 5 9 *10 11)
[   19.874580] ACPI: PCI Interrupt Link [LNKD] (IRQs 5 *9 10 11)
[   19.988490] ACPI: Enabled 2 GPEs in block 00 to 07
[   20.075852] vgaarb: setting as boot device: PCI:0000:00:02.0
[   20.225572] vgaarb: device added: PCI:0000:00:02.0,decodes=io+mem,owns=io+mem,locks=none
[   20.432655] vgaarb: loaded
[   20.489348] vgaarb: bridge control possible 0000:00:02.0
[   20.624961] SCSI subsystem initialized
[   20.692026] ACPI: bus type USB registered
[   20.739742] usbcore: registered new interface driver usbfs
[   20.770642] usbcore: registered new interface driver hub
[   20.771561] usbcore: registered new device driver usb
[   20.772645] PCI: Using ACPI for IRQ routing
[   20.773667] NetLabel: Initializing
[   20.774324] NetLabel:  domain hash size = 128
[   20.775112] NetLabel:  protocols = UNLABELED CIPSOv4
[   20.900280] NetLabel:  unlabeled traffic allowed by default
[   21.010569] amd_nb: Cannot enumerate AMD northbridges
[   21.153783] clocksource: Switched to clocksource kvm-clock
[   21.295842] AppArmor: AppArmor Filesystem Enabled
[   21.434524] pnp: PnP ACPI init
[   21.522239] pnp: PnP ACPI: found 3 devices
[   21.629657] clocksource: acpi_pm: mask: 0xffffff max_cycles: 0xffffff, max_idle_ns: 2085701024 ns
[   21.851632] NET: Registered protocol family 2
[   21.925784] TCP established hash table entries: 8192 (order: 4, 65536 bytes)
[   22.114240] TCP bind hash table entries: 8192 (order: 5, 131072 bytes)
[   22.307611] TCP: Hash tables configured (established 8192 bind 8192)
[   22.491436] UDP hash table entries: 512 (order: 2, 16384 bytes)
[   22.658032] UDP-Lite hash table entries: 512 (order: 2, 16384 bytes)
[   22.850302] NET: Registered protocol family 1
[   22.937261] pci 0000:00:00.0: Limiting direct PCI/PCI transfers
[   23.101283] pci 0000:00:01.0: Activating ISA DMA hang workarounds
[   23.254809] Trying to unpack rootfs image as initramfs...
[   23.604476] Freeing initrd memory: 15212K (ffff88003623a000 - ffff880037115000)
[   23.956714] platform rtc_cmos: registered platform RTC device (no PNP device found)
[   24.000902] Scanning for low memory corruption every 60 seconds
[   24.024762] futex hash table entries: 512 (order: 3, 32768 bytes)
[   24.034051] audit: initializing netlink subsys (disabled)
[   24.034986] audit: type=2000 audit(1489418980.699:1): initialized
[   24.036230] Initialise system trusted keyring
[   24.037350] HugeTLB registered 2 MB page size, pre-allocated 0 pages
[   24.039583] zbud: loaded
[   24.121650] VFS: Disk quotas dquot_6.6.0
[   24.271025] VFS: Dquot-cache hash table entries: 512 (order 0, 4096 bytes)
[   24.571380] squashfs: version 4.0 (2009/01/31) Phillip Lougher
[   24.800791] fuse init (API version 7.23)
[   24.851669] Key type big_key registered
[   24.852479] Allocating IMA MOK and blacklist keyrings.
[   24.854973] Key type asymmetric registered
[   25.020702] tsc: Refined TSC clocksource calibration: 2198.108 MHz
[   25.070181] clocksource: tsc: mask: 0xffffffffffffffff max_cycles: 0x1faf37b6470, max_idle_ns: 440795296830 ns
[   25.073960] Asymmetric key parser 'x509' registered
ÿ[   25.074024] Block layer SCSI generic (bsg) driver version 0.4 loaded (major 249)
[   25.074067] io scheduler noop registered
[   25.074069] io scheduler deadline registered (default)
[   25.074098] io scheduler cfq registered
[   25.074248] pci_hotplug: PCI Hot Plug PCI Core version: 0.5
[   25.074254] pciehp: PCI Express Hot Plug Controller Driver version: 0.4
[   25.074650] ACPI: AC Adapter [AC] (off-line)
[   25.074712] input: Power Button as /devices/LNXSYSTM:00/LNXPWRBN:00/input/input0
[   25.074717] ACPI: Power Button [PWRF]
[   25.074801] input: Sleep Button as /devices/LNXSYSTM:00/LNXSLPBN:00/input/input1
[   25.074831] ACPI: Sleep Button [SLPF]
[   25.075004] GHES: HEST is not enabled!
[   25.120460] ACPI: Battery Slot [BAT0] (battery present)
[   25.120922] Serial: 8250/16550 driver, 32 ports, IRQ sharing enabled
[   25.309885] 00:02: ttyS0 at I/O 0x3f8 (irq = 4, base_baud = 115200) is a 16550A
[   25.322257] Linux agpgart interface v0.103
[   25.437793] brd: module loaded
[   25.438468] loop: module loaded
[   25.438906] scsi host0: ata_piix
[   25.438953] scsi host1: ata_piix
[   25.438976] ata1: PATA max UDMA/33 cmd 0x1f0 ctl 0x3f6 bmdma 0xd000 irq 14
[   25.438977] ata2: PATA max UDMA/33 cmd 0x170 ctl 0x376 bmdma 0xd008 irq 15
[   25.439040] libphy: Fixed MDIO Bus: probed
[   25.439042] tun: Universal TUN/TAP device driver, 1.6
[   25.439042] tun: (C) 1999-2004 Max Krasnyansky <maxk@qualcomm.com>
[   25.439307] PPP generic driver version 2.4.2
[   25.439362] ehci_hcd: USB 2.0 'Enhanced' Host Controller (EHCI) Driver
[   25.439366] ehci-pci: EHCI PCI platform driver
[   25.439379] ehci-platform: EHCI generic platform driver
[   25.439385] ohci_hcd: USB 1.1 'Open' Host Controller (OHCI) Driver
[   25.439388] ohci-pci: OHCI PCI platform driver
[   25.439394] ohci-platform: OHCI generic platform driver
[   25.439400] uhci_hcd: USB Universal Host Controller Interface driver
[   25.439449] i8042: PNP: PS/2 Controller [PNP0303:PS2K,PNP0f03:PS2M] at 0x60,0x64 irq 1,12
[   25.439860] serio: i8042 KBD port at 0x60,0x64 irq 1
[   25.439863] serio: i8042 AUX port at 0x60,0x64 irq 12
[   25.439961] mousedev: PS/2 mouse device common for all mice
[   25.440196] input: AT Translated Set 2 keyboard as /devices/platform/i8042/serio0/input/input2
[   25.440490] rtc_cmos rtc_cmos: rtc core: registered rtc_cmos as rtc0
[   25.440537] rtc_cmos rtc_cmos: alarms up to one day, 114 bytes nvram
[   25.440542] i2c /dev entries driver
[   25.440588] device-mapper: uevent: version 1.0.3
[   25.440629] device-mapper: ioctl: 4.34.0-ioctl (2015-10-28) initialised: dm-devel@redhat.com
[   25.440646] ledtrig-cpu: registered to indicate activity on CPUs
[   25.441105] NET: Registered protocol family 10
[   25.441225] NET: Registered protocol family 17
[   25.441233] Key type dns_resolver registered
[   25.441346] microcode: CPU0 sig=0x40661, pf=0x40, revision=0x0
[   25.570680] microcode: CPU1 sig=0x40661, pf=0x40, revision=0x0
[   25.570777] microcode: Microcode Update Driver: v2.01 <tigran@aivazian.fsnet.co.uk>, Peter Oruba
[   25.570891] registered taskstats version 1
[   25.570904] Loading compiled-in X.509 certificates
[   25.571525] Loaded X.509 cert 'Build time autogenerated kernel key: 32ca4feee90b5cde51f5f8c0e024b22f8c679982'
[   25.571547] zswap: loaded using pool lzo/zbud
[   25.572815] Key type trusted registered
[   25.575000] Key type encrypted registered
[   25.575004] AppArmor: AppArmor sha1 policy hashing enabled
[   25.575007] ima: No TPM chip found, activating TPM-bypass!
[   25.575021] evm: HMAC attrs: 0x1
[   25.575236]   Magic number: 9:474:487
[   25.582645] rtc_cmos rtc_cmos: setting system clock to 2017-03-13 15:29:57 UTC (1489418997)
[   25.582747] BIOS EDD facility v0.16 2004-Jun-25, 0 devices found
[   25.582747] EDD information not available.
[   28.252171] Freeing unused kernel memory: 1488K (ffffffff81f45000 - ffffffff820b9000)
[   28.375654] Write protecting the kernel read-only data: 14336k
[   28.439228] Freeing unused kernel memory: 1776K (ffff880001844000 - ffff880001a00000)
[   28.612148] Freeing unused kernel memory: 116K (ffff880001de3000 - ffff880001e00000)
Loading, please [   28.779230] random: systemd-udevd: uninitialized urandom read (16 bytes read, 4 bits of entropy available)
wait...
startin[   28.779763] random: udevadm: uninitialized urandom read (16 bytes read, 4 bits of entropy available)
g version 229
[   28.779792] random: udevadm: uninitialized urandom read (16 bytes read, 4 bits of entropy available)
[   28.779881] random: udevadm: uninitialized urandom read (16 bytes read, 4 bits of entropy available)
[   28.779913] random: udevadm: uninitialized urandom read (16 bytes read, 4 bits of entropy available)
[   28.779944] random: udevadm: uninitialized urandom read (16 bytes read, 4 bits of entropy available)
[   28.779973] random: udevadm: uninitialized urandom read (16 bytes read, 4 bits of entropy available)
[   28.780004] random: udevadm: uninitialized urandom read (16 bytes read, 4 bits of entropy available)
[   28.780031] random: udevadm: uninitialized urandom read (16 bytes read, 4 bits of entropy available)
[   28.780060] random: udevadm: uninitialized urandom read (16 bytes read, 4 bits of entropy available)
[   29.764297] Fusion MPT base driver 3.04.20
[   29.767833] Copyright (c) 1999-2008 LSI Corporation
[   29.847675] e1000: Intel(R) PRO/1000 Network Driver - version 7.3.21-k8-NAPI
[   30.042195] e1000: Copyright (c) 1999-2006 Intel Corporation.
[   30.079071] Fusion MPT SPI Host driver 3.04.20
[   30.112508] AVX version of gcm_enc/dec engaged.
[   30.134057] AES CTR mode by8 optimization enabled
[   30.392026] input: ImExPS/2 Generic Explorer Mouse as /devices/platform/i8042/serio1/input/input4
[   30.498260] e1000 0000:00:03.0 eth0: (PCI:33MHz:32-bit) 02:f2:f2:0c:4e:d5
[   30.532282] e1000 0000:00:03.0 eth0: Intel(R) PRO/1000 Network Connection
[   30.556984] e1000 0000:00:03.0 enp0s3: renamed from eth0
[   30.557206] mptbase: ioc0: Initiating bringup
[   30.702137] ioc0: LSI53C1030 A0: Capabilities={Initiator}
[   31.029066] scsi host2: ioc0: LSI53C1030 A0, FwRev=00000000h, Ports=1, MaxQ=256, IRQ=20
[   31.418894] scsi 2:0:0:0: Direct-Access     VBOX     HARDDISK         1.0  PQ: 0 ANSI: 5
[   31.669729] scsi target2:0:0: Beginning Domain Validation
[   31.705274] scsi target2:0:0: Domain Validation skipping write tests
[   31.731135] scsi target2:0:0: Ending Domain Validation
[   31.892411] scsi target2:0:0: asynchronous
[   32.037025] scsi 2:0:1:0: Direct-Access     VBOX     HARDDISK         1.0  PQ: 0 ANSI: 5
[   32.469709] scsi target2:0:1: Beginning Domain Validation
[   32.700724] scsi target2:0:1: Domain Validation skipping write tests
[   32.784938] scsi target2:0:1: Ending Domain Validation
[   32.791772] scsi target2:0:1: asynchronous
[   32.807957] sd 2:0:0:0: [sda] 20971520 512-byte logical blocks: (10.7 GB/10.0 GiB)
[   32.807997] sd 2:0:0:0: Attached scsi generic sg0 type 0
[   32.998357] sd 2:0:1:0: Attached scsi generic sg1 type 0
[   33.295364] floppy0: no floppy controllers found
[   33.422597] sd 2:0:1:0: [sdb] 20480 512-byte logical blocks: (10.5 MB/10.0 MiB)
[   33.775160] sd 2:0:0:0: [sda] Write Protect is off
[   33.866729] sd 2:0:0:0: [sda] Incomplete mode parameter data
[   33.866750] sd 2:0:1:0: [sdb] Write Protect is off
[   34.061961] sd 2:0:0:0: [sda] Assuming drive cache: write through
[   34.239416] sd 2:0:1:0: [sdb] Incomplete mode parameter data
[   34.496337] sd 2:0:1:0: [sdb] Assuming drive cache: write through
[   34.501535]  sda: sda1
[   34.502493] sd 2:0:0:0: [sda] Attached SCSI disk
[   34.945659] sd 2:0:1:0: [sdb] Attached SCSI disk
Begin: Loading e[   36.287052] md: linear personality registered for level -1
ssential drivers[   36.491091] md: multipath personality registered for level -4
 ... [   36.610953] md: raid0 personality registered for level 0
[   36.753305] md: raid1 personality registered for level 1
[   36.929875] raid6: sse2x1   gen()  9380 MB/s
[   37.090071] raid6: sse2x1   xor()  6788 MB/s
[   37.201874] raid6: sse2x2   gen() 11146 MB/s
[   37.350041] raid6: sse2x2   xor()  8034 MB/s
[   37.518256] raid6: sse2x4   gen() 13687 MB/s
[   37.681870] raid6: sse2x4   xor()  9753 MB/s
[   37.799155] raid6: using algorithm sse2x4 gen() 13687 MB/s
[   37.932188] raid6: .... xor() 9753 MB/s, rmw enabled
[   38.057570] raid6: using ssse3x2 recovery algorithm
[   38.152007] xor: automatically using best checksumming function:
[   38.246169]    avx       : 44861.000 MB/sec
[   38.439117] async_tx: api initialized (async)
[   38.570782] md: raid6 personality registered for level 6
[   38.695536] md: raid5 personality registered for level 5
[   38.821933] md: raid4 personality registered for level 4
[   38.970851] md: raid10 personality registered for level 10
done.
Begin: Running /scripts/init-premount ...[   39.233364] Btrfs loaded
 done.
Begin: Mounting root file system ... Begin: Running /scripts/local-top .[   39.318331] EXT4-fs (sda1): mounted filesystem with ordered data mode. Opts: (null)
.. done.
Begin: Running /scripts/local-premount ... Scanning for Btrfs filesystems
done.
Warning: fsck not present, so skipping root file system
done.
Begin: Running /scripts/local-bottom ... done.
Begin: Running /scripts/init-bottom ... done.
[   39.503438] systemd[1]: systemd 229 running in system mode. (+PAM +AUDIT +SELINUX +IMA +APPARMOR +SMACK +SYSVINIT +UTMP +LIBCRYPTSETUP +GCRYPT +GNUTLS +ACL +XZ -LZ4 +SECCOMP +BLKID +ELFUTILS +KMOD -IDN)
[   40.161444] systemd[1]: Detected virtualization oracle.
[   40.364458] systemd[1]: Detected architecture x86-64.

Welcome to [1mUbuntu 16.04.2 LTS[0m!

[   40.398671] systemd[1]: Set hostname to <ubuntu-xenial>.
[   40.604878] systemd[1]: Listening on Journal Socket.
[[0;32m  OK  [0m] Listening on Journal Socket.
[   40.607980] systemd[1]: Started Forward Password Requests to Wall Directory Watch.
[[0;32m  OK  [0m] Started Forward Password Requests to Wall Directory Watch.
[   40.626215] systemd[1]: Listening on LVM2 metadata daemon socket.
[[0;32m  OK  [0m] Listening on LVM2 metadata daemon socket.
[   40.858296] systemd[1]: Listening on Journal Audit Socket.
[[0;32m  OK  [0m] Listening on Journal Audit Socket.
[   41.13859]] systemd[1]: Listening on Device-mapper event daemon FIFOs.
[[0;32m  OK  [0m] Listening on Device-mapper event daemon FIFOs.
[   41.426271] systemd[1]: Reached target Swap.
[[0;32m  OK  [0m] Reached target Swap.
[   41.478450] systemd[1]: Set u  automount Arbitrary Executable File Formats File System Automount Point.
[[0;32m  OK  [0m] Set up automount Arbitrary Executab...ats File System Automount Point.
[   41.910492] systemd[1]: Listening on udev Kernel Socket.
[[0;32m  OK  [0m] Listening on udev Kernel Socket.
[   42.215033] systemd[1]: Created slice User and Session Slice.
[[0;32m  OK  [0m] Created slice User and Session Slice.
[   42.518262] systemd[1]: Listening on Syslog Socket.
[[0;32m  OK  [0m] Listening on Syslog Socket.
[   42.551311] systemd[1]: Listening on Journal Socket (/dev/log).
[[0;32m  OK  [0m] Listening on Journal Socket (/dev/log).
[   42.594459] systemd[1]: Listening on LVM2 poll daemon socket.
[[0;32m  OK  [0m] Listening on LVM2 poll daemon socket.
[   42.778012] systemd[1]: Listening on /dev/initctl Compatibility Named Pipe.
[[0;32m  OK  [0m] Listening on /dev/initctl Compatibility Named Pipe.
[   42.854145] systemd[1]: Listening on udev Control Socket.
[[0;32m  OK  [0m] Listening on udev Control Socket.
[   42.978745] systemd[1]: Reached target User and Group Name Lookups.
[[0;32m  OK  [0m] Reached target User and Group Name Lookups.
[   43.261581] systemd[1]: Reached target Encrypted Volumes.
[[0;32m  OK  [0m] Reached target Encrypted Volumes.
[   43.506864] systemd[1]: Created slice System Slice.
[[0;32m  OK  [0m] Created slice System Slice.
[   43.628740] systemd[1]: Created slice system-serial\x2dgetty.slice.
[[0;32m  OK  [0m] Created slice system-serial\x2dgetty.slice.
[   43.647282] systemd[1]: Reached target Slices.
[[0;32m  OK  [0m] Reached target Slices.
[   43.662237] systemd[1]: Starting Nameserver information manager...
         Starting Nameserver information manager...
[   43.958325] systemd[1]: Starting Remount Root and Kernel File Systems...
[   43.963692] EXT4-fs (sda1): re-mounted. Opts: (null)
         Starting Remount Root and Kernel File Systems...
[   44.322628] systemd[1]: Mounting POSIX Message Queue File System...
         Mounting POSIX Message Queue File System...
[   44.570400] systemd[1]: Mounting Huge Pages File System...
         Mounting Huge Pages File System...
[   44.699800] systemd[1]: Mounting Debug File System...
         Mounting Debug File System...
[   44.727496] systemd[1]: Starting Create list of required static device nodes for the current kernel...
         Starting Create list of required st... nodes for the current kernel...
[   450010525] systemd[1]: Starting Set console keymap...
[   45.012877] random: nonblocking pool is initialized
         Starting Set console keymap...
[   45.434590] systemd[1]: Starting Load Kernel Modules...
[   45.537781] Loading iSCSI transport class v2.0-870.
         Starting Load Kernel Mo[   45.683005] iscsi: registered transport (tcp)
dules...
[   45.791731] iscsi: registered transport (iser)
[   45.793986] systemd[1]: Starting Monitoring of LVM2 mirrors, snapshots etc. using dmeventd or progress polling...
         Starting Monitoring of LVM2 mirrors... dmeventd or progress polling...
[   46.070844] systemd[1]: Starting Uncomplicated firewall...
         Starting Uncomplicated firewall...
[   46.266398] systemd[1]: Starting Journal Service...
         Starting Journal Service...
[   46.447296] systemd[1]: Mounted POSIX Message Queue File System.
[[0;32m  OK  [0m] Mounted POSIX Message Queue File System.
[   46.670459] systemd[1]: Mounted Huge Pages File System.
[[0;32m  OK  [0m] Mounted Huge Pages File System.
[   46.846112] systemd[1]: Mounted Debug File System.
[[0;32m  OK  [0m] Mounted Debug File System.
[   47.006413] systemd[1]: Started Journal Service.
[[0;32m  OK  [0m] Started Journal Service.
[[0;32m  OK  [0m] Started Remount Root and Kernel File Systems.
[[0;32m  OK  [0m] Started Create list of required sta...ce nodes for the current kernel.
[[0;32m  OK  [0m] Started Set console keymap.
[[0;32m  OK  [0m] Started Load Kernel Modules.
[[0;32m  OK  [0m] Started Uncomplicated firewall.
[[0;32m  OK  [0m] Started Nameserver information manager.
[[0;32m  OK  [0m] Started LVM2 metadata daemon.
         Starting Apply Kernel Variables...
         Mounting FUSE Control File System...
         Starting Create Static Device Nodes in /dev...
         Starting Load/Save Random Seed...
         Starting Initial cloud-init job (pre-networking)...
         Starting udev Coldplug all Devices...
         Starting Flush Journal to Persistent Storage...
[[0;32m  OK  [0m] Mounted FUSE Control File System.
[[0;32m  OK  [0m] Started Monitoring of LVM2 mirrors,...ng dmeventd or progress polling.
[[0;32m  OK  [0m] Started Apply Kernel Variables.
[[0;32m  OK  [0m] Started Create Static Device Nodes in /dev.
[[0;32m  OK  [0m] Started Load/Save Random Seed.
[[0;32m  OK  [0m] Started udev Coldplug all Devices.
[[0;32m  OK  [0m] Started Flush Journal to Persistent Storage.
         Starting udev Kernel Device Manager...
[[0;32m  OK  [0m] Started udev Kernel Device Manager.
[[0;32m  OK  [0m] Reached target Local File Systems (Pre).
[[0;32m  OK  [0m] Reached target Local File Systems.
         Starting Set console font and keymap...
         Starting LSB: AppArmor initialization...
         Starting Create Volatile Files and Directories...
         Starting Tell Plymouth To Write Out Runtime Data...
[   28.010663] cloud-init[486]: Cloud-init v. 0.7.8 running 'init-local' at Mon, 13 Mar 2017 15:30:20 +0000. Up 27.64 seconds.
[[0;32m  OK  [0m] Started Dispatch Password Requests to Console Directory Watch.
[[0;32m  OK  [0m] Started Set console font and keymap.
[[0;32m  OK  [0m] Started Create Volatile Files and Directories.
[[0;32m  OK  [0m] Started Tell Plymouth To Write Out Runtime Data.
[[0;32m  OK  [0m] Started Initial cloud-init job (pre-networking).
[[0;32m  OK  [0m] Found device /dev/ttyS0.
[[0;32m  OK  [0m] Listening on Load/Save RF Kill Switch Status /dev/rfkill Watch.
[[0;32m  OK  [0m] Reached target Network (Pre).
         Starting Update UTMP about System Boot/Shutdown...
[[0;32m  OK  [0m] Reached target System Time Synchronized.
[[0;32m  OK  [0m] Created slice system-getty.slice.
[[0;32m  OK  [0m] Started LSB: AppArmor initialization.
[[0;32m  OK  [0m] Started ifup for enp0s3.
         Starting Raise network interfaces...
[[0;32m  OK  [0m] Started Update UTMP about System Boot/Shutdown.
[[0;1;31mFAILED[0m] Failed to start Raise network interfaces.
See 'systemctl status networking.service' for details.
[[0;32m  OK  [0m] Reached target Network.
         Starting Initial cloud-init job (metadata service crawler)...
[   31.419287] cloud-init[1094]: Cloud-init v. 0.7.8 running 'init' at Mon, 13 Mar 2017 15:30:23 +0000. Up 31.23 seconds.
[[0;32m  OK  [0m] Started Initial cloud-init job (metadata service crawler).
[   31.531155] cloud-init[1094]: ci-info: +++++++++++++++++++++++++++++++++++++Net device info++++++++++++++++++++++++++++++++++++++
[   31.676266] cloud-init[1094]: ci-info: +--------+------+----------------------------+---------------+-------+-------------------+
[   31.752718] cloud-init[1094]: ci-info: | Device |  Up  |          Address           |      Mask     | Scope |     Hw-Address    |
[   31.844637] cloud-init[1094]: ci-info: +--------+------+----------------------------+---------------+-------+-------------------+
[[0;32m  OK  [0m] Reached target Cloud-config availability.
[[0;32m  OK  [0m] Reached target Network is Online.
[   31.951230] cloud-init[1094]: ci-info: |   lo   | True |         127.0.0.1          |   255.0.0.0   |   .   |         .         |
[   32.156679] cloud-init[1094]: ci-info: |   lo   | True |          ::1/128           |       .       |  host |         .         |
         Starting iSCSI initiator daemon (iscsid)...
[[0;32m  OK  [0m] Reached target System Initialization.
[   32.264155] cloud-init[1094]: ci-info: | enp0s3 | True |         10.0.2.15          | 255.255.255.0 |   .   | 02:f2:f2:0c:4e:d5 |
[   32.468848] cloud-init[1094]: ci-info: | enp0s3 | True | fe80::f2:f2ff:fe0c:4ed5/64 |       .       |  link | 02:f2:f2:0c:4e:d5 |
         Starting LXD - unix socket.
[[0;32m  OK  [0m] Listening on ACPID Listen Socket.
[   32.567392] cloud-init[1094]: ci-info: +--------+------+----------------------------+---------------+-------+-------------------+
[   32.728278] cloud-init[1094]: ci-info: +++++++++++++++++++++++++++Route IPv4 info++++++++++++++++++++++++++++
[   32.779930]          cloud-initStarting Socket activation for snappy daemon.[1094]: 
ci-info: +-------+-------------+----------+---------------+-----------+-------+
[   32.856725] [cloud-init[0;32m  OK  [0m[1094]: ] ci-info: | Route | Destination | Gateway  |    Genmask    | Interface | Flags |Started Daily apt activities.

[[0;32m  OK  [0m] Listening on UUID daemon activation socket.
[   32.857326] cloud-init[1094]: ci-info: +-------+-------------+----------+---------------+-----------+-------+
[   33.100902] [cloud-init[0;32m  OK  [0m[1094]: ] ci-info: |   0   |   0.0.0.0   | 10.0.2.2 |    0.0.0.0    |   enp0s3  |   UG  |Started ACPI Events Check.

[[0;32m  OK  [0m] Listening on D-Bus System Message Bus Socket.
[[0;32m  OK  [0m] Started Daily Cleanup of Temporary Directories.
[   33.101506] cloud-init[1094]: ci-info: |   1   |   10.0.2.0  | 0.0.0.0  | 255.255.255.0 |   enp0s3  |   U   |
[   33.376388] [cloud-init[0;32m  OK  [0m[1094]: ] ci-info: +-------+-------------+----------+---------------+-----------+-------+Started Trigger resolvconf update for networkd DNS.

[[0;32m  OK  [0m] Reached target Paths.
[[0;32m  OK  [0m] Started Timer to automatically refresh installed snaps.
[[0;32m  OK  [0m] Reached target Timers.
[[0;32m  OK  [0m] Listening on LXD - unix socket.
[[0;32m  OK  [0m] Listening on Socket activation for snappy daemon.
[[0;32m  OK  [0m] Started iSCSI initiator daemon (iscsid).
         Starting Login to default iSCSI targets...
[[0;32m  OK  [0m] Reached target Sockets.
[[0;32m  OK  [0m] Reached target Basic System.
[[0;32m  OK  [0m] Started D-Bus System Message Bus.
[[0;32m  OK  [0m] Started FUSE filesystem for LXC.
         Starting Apply the settings specified in cloud-config...
[[0;32m  OK  [0m] Started Regular background program processing daemon.
         Starting LSB: MD monitoring daemon...
         Starting LXD - container startup/shutdown...
[[0;32m  OK  [0m] Started Deferred execution scheduler.
[[0;32m  OK  [0m] Started Snappy daemon.
         Starting Auto import assertions from block devices...
[[0;32m  OK  [0m] Started ACPI event daemon.
         Starting MySQL Community Server...
         Starting LSB: Record successful boot for GRUB...
         Starting Login Service...
[   34.269036] cloud-init[1157]: Cloud-init v. 0.7.8 running 'modules:config' at Mon, 13 Mar 2017 15:30:26 +0000. Up 34.20 seconds.
         Starting System Logging Service...
         Starting OpenBSD Secure Shell server...
         Starting Accounts Service...
         Starting /etc/rc.local Compatibility...
[[0;32m  OK  [0m] Started System Logging Service.
[[0;32m  OK  [0m] Started OpenBSD Secure Shell server.
[[0;32m  OK  [0m] Started Apply the settings specified in cloud-config.
[[0;32m  OK  [0m] Started LXD - container startup/shutdown.
[[0;32m  OK  [0m] Started Auto import assertions from block devices.
[[0;32m  OK  [0m] Started /etc/rc.local Compatibility.
[[0;32m  OK  [0m] Started Login to default iSCSI targets.
[[0;32m  OK  [0m] Started LSB: MD monitoring daemon.
[[0;32m  OK  [0m] Started LSB: Record successful boot for GRUB.
[[0;32m  OK  [0m] Started Login Service.
         Starting Authenticate and Authorize Users to Run Privileged Tasks...
[[0;32m  OK  [0m] Reached target Remote File Systems (Pre).
[[0;32m  OK  [0m] Reached target Remote File Systems.
         Starting LSB: daemon to balance interrupts for SMP systems...
         Starting LSB: Apache2 web server...
         Starting Permit User Sessions...
         Starting LSB: automatic crash report generation...
         Starting LSB: Set the CPU Frequency Scaling governor to "ondemand"...
         Starting LSB: VirtualBox Linux Additions...
[[0;32m  OK  [0m] Started Permit User Sessions.
[[0;32m  OK  [0m] Started Authenticate and Authorize Users to Run Privileged Tasks.
[[0;32m  OK  [0m] Started Accounts Service.
         Starting Hold until boot process finishes up...
         Starting Terminate Plymouth Boot Screen...
[[0;32m  OK  [0m] Started LSB: daemon to balance interrupts for SMP systems.
[[0;32m  OK  [0m] Started LSB: automatic crash report generation.
[[0;32m  OK  [0m] Started LSB: Set the CPU Frequency Scaling governor to "ondemand".
[[0;32m  OK  [0m] Started Hold until boot process finishes up.
[[0;32m  OK  [0m] Started Terminate Plymouth Boot Screen.
[[0;32m  OK  [0m] Started Serial Getty on ttyS0.
         Starting Set console scheme...
[[0;32m  OK  [0m] Started Getty on tty1.
[[0;32m  OK  [0m] Reached target Login Prompts.
[[0;32m  OK  [0m] Started LSB: VirtualBox Linux Additions.
[[0;32m  OK  [0m] Started Set console scheme.
[[0;32m  OK  [0m] Started MySQL Community Server.
[[0;32m  OK  [0m] Started LSB: Apache2 web server.
[[0;32m  OK  [0m] Reached target Multi-User System.
         Starting Execute cloud user/final scripts...
[[0;32m  OK  [0m] Reached target Graphical Interface.
         Starting Update UTMP about System Runlevel Changes...
[[0;32m  OK  [0m] Started Update UTMP about System Runlevel Changes.
[   36.763320] cloud-init[1393]: Cloud-init v. 0.7.8 running 'modules:final' at Mon, 13 Mar 2017 15:30:29 +0000. Up 36.67 seconds.
[   36.881150] cloud-init[1393]: Cloud-init v. 0.7.8 finished at Mon, 13 Mar 2017 15:30:29 +0000. Datasource DataSourceNoCloud [seed=/dev/sdb][dsmode=net].  Up 36.75 seconds
[[0;32m  OK  [0m] Started Execute cloud user/final scripts.
[[0;32m  OK  [0m] Reached target Cloud-init target.

Ubuntu 16.04.2 LTS ubuntu-xenial ttyS0

ubuntu-xenial login: [[0;32m  OK  [0m] Stopped tag         Stopping LSB: Record successful boot for GRUB...
[[0;32m  OK  [0m] Stopped target Timers.
[[0;32m  OK  [0m] Stopped Daily apt activities.
[[0;32m  OK  [0m] Stopped Daily Cleanup of Temporary Directories.
         Stopping OpenBSD Secure Shell server...
[[0;32m  OK  [0m] Stopped Apply the settings specified in cloud-config.
[[0;32m  OK  [0m] Stopped target Cloud-config availability.
[[0;32m  OK  [0m] Stopped Timer to automatically refresh installed snaps.
[[0;32m  OK  [0m] Stopped target System Time Synchronized.
         Stopping LSB: VirtualBox Linux Additions...
[[0;32m  OK  [0m] Unmounted /var/lib/lxcfs.
[[0;32m  OK  [0m] Stopped Regular background program processing daemon.
[[0;32m  OK  [0m] Stopped Deferred execution scheduler.
[[0;32m  OK  [0m] Stopped Snappy daemon.
[[0;32m  OK  [0m] Stopped ACPI event daemon.
[[0;32m  OK  [0m] Stopped System Logging Service.
[[0;32m  OK  [0m] Stopped OpenBSD Secure Shell server.
[[0;32m  OK  [0m] Stopped Accounts Service.
[[0;32m  OK  [0m] Stopped Authenticate and Authorize Users to Run Privileged Tasks.
[[0;32m  OK  [0m] Stopped Serial Getty on ttyS0.
[[0;32m  OK  [0m] Stopped Getty on tty1.
[[0;32m  OK  [0m] Stopped User Manager for UID 1000.
[[0;32m  OK  [0m] Stopped D-Bus System Message Bus.
[[0;32m  OK  [0m] Stopped Session 4 of user ubuntu.
[[0;32m  OK  [0m] Stopped FUSE filesystem for LXC.
[[0;32m  OK  [0m] Stopped LXD - container startup/shutdown.
[[0;32m  OK  [0m] Stopped LSB: MD monitoring daemon.
[[0;32m  OK  [0m] Stopped MySQL Community Server.
[[0;32m  OK  [0m] Stopped LSB: Set the CPU Frequency Scaling governor to "ondemand".
[[0;32m  OK  [0m] Stopped LSB: Record successful boot for GRUB.
[[0;32m  OK  [0m] Stopped LSB: automatic crash report generation.
[[0;32m  OK  [0m] Stopped LSB: daemon to balance interrupts for SMP systems.
[[0;32m  OK  [0m] Stopped LSB: VirtualBox Linux Additions.
[[0;32m  OK  [0m] Removed slice User Slice of ubuntu.
         Stopping Login Service...
[[0;32m  OK  [0m] Removed slice system-getty.slice.
[[0;32m  OK  [0m] Stopped /etc/rc.local Compatibility.
[[0;32m  OK  [0m] Removed slice system-serial\x2dgetty.slice.
         Stopping Permit User Sessions...
[[0;32m  OK  [0m] Stopped Login Service.
[[0;32m  OK  [0m] Stopped Permit User Sessions.
[[0;32m  OK  [0m] Stopped target User and Group Name Lookups.
[[0;32m  OK  [0m] Stopped LSB: Apache2 web server.
[[0;32m  OK  [0m] Stopped target Basic System.
[[0;32m  OK  [0m] Stopped target Slices.
[[0;32m  OK  [0m] Removed slice User and Session Slice.
[[0;32m  OK  [0m] Stopped target Sockets.
[[0;32m  OK  [0m] Closed LXD - unix socket.
[[0;32m  OK  [0m] Closed D-Bus System Message Bus Socket.
[[0;32m  OK  [0m] Closed Syslog Socket.
[[0;32m  OK  [0m] Closed Socket activation for snappy daemon.
[[0;32m  OK  [0m] Closed ACPID Listen Socket.
[[0;32m  OK  [0m] Closed UUID daemon activation socket.
[[0;32m  OK  [0m] Stopped target Paths.
[[0;32m  OK  [0m] Stopped Dispatch Password Requests to Console Directory Watch.
[[0;32m  OK  [0m] Stopped Forward Password Requests to Wall Directory Watch.
[[0;32m  OK  [0m] Stopped Trigger resolvconf update for networkd DNS.
[[0;32m  OK  [0m] Stopped ACPI Events Check.
[[0;32m  OK  [0m] Stopped target System Initialization.
[[0;32m  OK  [0m] Stopped target Swap.
[[0;32m  OK  [0m] Stopped target Encrypted Volumes.
         Stopping Load/Save Random Seed...
         Stopping Update UTMP about System Boot/Shutdown...
[[0;32m  OK  [0m] Stopped Apply Kernel Variables.
[[0;32m  OK  [0m] Stopped Load Kernel Modules.
[[0;32m  OK  [0m] Stopped target Remote File Systems.
[[0;32m  OK  [0m] Stopped target Remote File Systems (Pre).
         Stopping Login to default iSCSI targets...
[[0;32m  OK  [0m] Stopped Load/Save Random Seed.
[[0;32m  OK  [0m] Stopped Update UTMP about System Boot/Shutdown.
[[0;32m  OK  [0m] Stopped Login to default iSCSI targets.
         Stopping iSCSI initiator daemon (iscsid)...
[[0;32m  OK  [0m] Stopped Create Volatile Files and Directories.
[[0;32m  OK  [0m] Stopped target Local File Systems.
         Unmounting /run/user/1000...
         Unmounting /vagrant_data...
[[0;32m  OK  [0m] Stopped iSCSI initiator daemon (iscsid).
[[0;32m  OK  [0m] Unmounted /run/user/1000.
[[0;32m  OK  [0m] Unmounted /vagrant_data.
[[0;32m  OK  [0m] Reached target Unmount All Filesystems.
[[0;32m  OK  [0m] Stopped target Local File Systems (Pre).
         Stopping Monitoring of LVM2 mirrors... dmeventd or progress polling...
[[0;32m  OK  [0m] Stopped Create Static Device Nodes in /dev.
[[0;32m  OK  [0m] Stopped target Network is Online.
[[0;32m  OK  [0m] Stopped target Network.
         Starting Unattended Upgrades Shutdown...
[[0;32m  OK  [0m] Stopped target Network (Pre).
[[0;32m  OK  [0m] Stopped Initial cloud-init job (metadata service crawler).
[[0;32m  OK  [0m] Stopped Initial cloud-init job (pre-networking).
[[0;32m  OK  [0m] Stopped Remount Root and Kernel File Systems.
[[0;32m  OK  [0m] Stopped Monitoring of LVM2 mirrors,...ng dmeventd or progress polling.
[[0;32m  OK  [0m] Started Unattended Upgrades Shutdown.
[[0;32m  OK  [0m] Reached target Shutdown.
[ 2155.665677] reboot: Power down
