[    0.000000] Initializing cgroup subsys cpuset
[    0.000000] Initializing cgroup subsys cpu
[    0.000000] Initializing cgroup subsys cpuacct
[    0.000000] Linux version 4.4.0-62-generic (buildd@lcy01-30) (gcc version 5.4.0 20160609 (Ubuntu 5.4.0-6ubuntu1~16.04.4) ) #83-Ubuntu SMP Wed Jan 18 14:10:15 UTC 2017 (Ubuntu 4.4.0-62.83-generic 4.4.40)
[    0.000000] Command line: BOOT_IMAGE=/boot/vmlinuz-4.4.0-62-generic root=LABEL=cloudimg-rootfs ro console=tty1 console=ttyS0
[    0.000000] KERNEL supported cpus:
[    0.000000]   Intel GenuineIntel
[    0.000000]   AMD AuthenticAMD
[    0.000000]   Centaur CentaurHauls
[    0.000000] x86/fpu: xstate_offset[2]:  576, xstate_sizes[2]:  256
[    0.000000] x86/fpu: Supporting XSAVE feature 0x01: 'x87 floating point registers'
[    0.000000] x86/fpu: Supporting XSAVE feature 0x02: 'SSE registers'
[    0.000000] x86/fpu: Supporting XSAVE feature 0x04: 'AVX registers'
[    0.000000] x86/fpu: Enabled xstate features 0x7, context size is 832 bytes, using 'standard' format.
[    0.000000] x86/fpu: Using 'lazy' FPU context switches.
[    0.000000] e820: BIOS-provided physical RAM map:
[    0.000000] BIOS-e820: [mem 0x0000000000000000-0x000000000009fbff] usable
[    0.000000] BIOS-e820: [mem 0x000000000009fc00-0x000000000009ffff] reserved
[    0.000000] BIOS-e820: [mem 0x00000000000f0000-0x00000000000fffff] reserved
[    0.000000] BIOS-e820: [mem 0x0000000000100000-0x000000003ffeffff] usable
[    0.000000] BIOS-e820: [mem 0x000000003fff0000-0x000000003fffffff] ACPI data
[    0.000000] BIOS-e820: [mem 0x00000000fec00000-0x00000000fec00fff] reserved
[    0.000000] BIOS-e820: [mem 0x00000000fee00000-0x00000000fee00fff] reserved
[    0.000000] BIOS-e820: [mem 0x00000000fffc0000-0x00000000ffffffff] reserved
[    0.000000] NX (Execute Disable) protection: active
[    0.000000] SMBIOS 2.5 present.
[    0.000000] Hypervisor detected: KVM
[    0.000000] e820: last_pfn = 0x3fff0 max_arch_pfn = 0x400000000
[    0.000000] MTRR: Disabled
[    0.000000] x86/PAT: MTRRs disabled, skipping PAT initialization too.
[    0.000000] x86/PAT: Configuration [0-7]: WB  WT  UC- UC  WB  WT  UC- UC  
[    0.000000] CPU MTRRs all blank - virtualized system.
[    0.000000] found SMP MP-table at [mem 0x0009fff0-0x0009ffff] mapped at [ffff88000009fff0]
[    0.000000] Scanning 1 areas for low memory corruption
[    0.000000] RAMDISK: [mem 0x36b76000-0x375b2fff]
[    0.000000] ACPI: Early table checksum verification disabled
[    0.000000] ACPI: RSDP 0x00000000000E0000 000024 (v02 VBOX  )
[    0.000000] ACPI: XSDT 0x000000003FFF0030 00003C (v01 VBOX   VBOXXSDT 00000001 ASL  00000061)
[    0.000000] ACPI: FACP 0x000000003FFF00F0 0000F4 (v04 VBOX   VBOXFACP 00000001 ASL  00000061)
[    0.000000] ACPI: DSDT 0x000000003FFF0470 00210F (v01 VBOX   VBOXBIOS 00000002 INTL 20100528)
[    0.000000] ACPI: FACS 0x000000003FFF0200 000040
[    0.000000] ACPI: FACS 0x000000003FFF0200 000040
[    0.000000] ACPI: APIC 0x000000003FFF0240 00005C (v02 VBOX   VBOXAPIC 00000001 ASL  00000061)
[    0.000000] ACPI: SSDT 0x000000003FFF02A0 0001CC (v01 VBOX   VBOXCPUT 00000002 INTL 20100528)
[    0.000000] No NUMA configuration found
[    0.000000] Faking a node at [mem 0x0000000000000000-0x000000003ffeffff]
[    0.000000] NODE_DATA(0) allocated [mem 0x3ffeb000-0x3ffeffff]
[    0.000000] kvm-clock: Using msrs 4b564d01 and 4b564d00
[    0.000000] kvm-clock: cpu 0, msr 0:3ffe3001, primary cpu clock
[    0.000000] kvm-clock: using sched offset of 3093142840 cycles
[    0.000000] clocksource: kvm-clock: mask: 0xffffffffffffffff max_cycles: 0x1cd42e4dffb, max_idle_ns: 881590591483 ns
[    0.000000] Zone ranges:
[    0.000000]   DMA      [mem 0x0000000000001000-0x0000000000ffffff]
[    0.000000]   DMA32    [mem 0x0000000001000000-0x000000003ffeffff]
[    0.000000]   Normal   empty
[    0.000000]   Device   empty
[    0.000000] Movable zone start for each node
[    0.000000] Early memory node ranges
[    0.000000]   node   0: [mem 0x0000000000001000-0x000000000009efff]
[    0.000000]   node   0: [mem 0x0000000000100000-0x000000003ffeffff]
[    0.000000] Initmem setup node 0 [mem 0x0000000000001000-0x000000003ffeffff]
[    0.000000] ACPI: PM-Timer IO Port: 0x4008
[    0.000000] IOAPIC[0]: apic_id 2, version 32, address 0xfec00000, GSI 0-23
[    0.000000] ACPI: INT_SRC_OVR (bus 0 bus_irq 0 global_irq 2 dfl dfl)
[    0.000000] ACPI: INT_SRC_OVR (bus 0 bus_irq 9 global_irq 9 high level)
[    0.000000] Using ACPI (MADT) for SMP configuration information
[    0.000000] smpboot: Allowing 2 CPUs, 0 hotplug CPUs
[    0.000000] PM: Registered nosave memory: [mem 0x00000000-0x00000fff]
[    0.000000] PM: Registered nosave memory: [mem 0x0009f000-0x0009ffff]
[    0.000000] PM: Registered nosave memory: [mem 0x000a0000-0x000effff]
[    0.000000] PM: Registered nosave memory: [mem 0x000f0000-0x000fffff]
[    0.000000] e820: [mem 0x40000000-0xfebfffff] available for PCI devices
[    0.000000] Booting paravirtualized kernel on KVM
[    0.000000] clocksource: refined-jiffies: mask: 0xffffffff max_cycles: 0xffffffff, max_idle_ns: 7645519600211568 ns
[    0.000000] setup_percpu: NR_CPUS:512 nr_cpumask_bits:512 nr_cpu_ids:2 nr_node_ids:1
[    0.000000] PERCPU: Embedded 33 pages/cpu @ffff88003fc00000 s98264 r8192 d28712 u1048576
[    0.000000] PV qspinlock hash table entries: 256 (order: 0, 4096 bytes)
[    0.000000] Built 1 zonelists in Node order, mobility grouping on.  Total pages: 257913
[    0.000000] Policy zone: DMA32
[    0.000000] Kernel command line: BOOT_IMAGE=/boot/vmlinuz-4.4.0-62-generic root=LABEL=cloudimg-rootfs ro console=tty1 console=ttyS0
[    0.000000] PID hash table entries: 4096 (order: 3, 32768 bytes)
[    0.000000] Memory: 1002096K/1048120K available (8436K kernel code, 1291K rwdata, 3960K rodata, 1488K init, 1316K bss, 46024K reserved, 0K cma-reserved)
[    0.000000] SLUB: HWalign=64, Order=0-3, MinObjects=0, CPUs=2, Nodes=1
[    0.000000] Hierarchical RCU implementation.
[    0.000000] 	Build-time adjustment of leaf fanout to 64.
[    0.000000] 	RCU restricting CPUs from NR_CPUS=512 to nr_cpu_ids=2.
[    0.000000] RCU: Adjusting geometry for rcu_fanout_leaf=64, nr_cpu_ids=2
[    0.000000] NR_IRQS:33024 nr_irqs:440 16
[    0.000000] Console: colour VGA+ 80x25
[    0.000000] console [tty1] enabled
[    0.000000] console [ttyS0] enabled
[    0.000000] tsc: Detected 2194.918 MHz processor
[   10.580032] Calibrating delay loop (skipped) preset value.. 4389.83 BogoMIPS (lpj=8779672)
[   10.728362] pid_max: default: 32768 minimum: 301
[   10.804265] ACPI: Core revision 20150930
[   10.878100] ACPI: 2 ACPI AML tables successfully acquired and loaded
[   11.000706] Security Framework initialized
[   11.096856] Yama: becoming mindful.
[   11.167727] AppArmor: AppArmor initialized
[   11.203742] Dentry cache hash table entries: 131072 (order: 8, 1048576 bytes)
[   11.205065] Inode-cache hash table entries: 65536 (order: 7, 524288 bytes)
[   11.262773] Mount-cache hash table entries: 2048 (order: 2, 16384 bytes)
[   11.411720] Mountpoint-cache hash table entries: 2048 (order: 2, 16384 bytes)
[   11.423119] Initializing cgroup subsys io
[   11.478331] Initializing cgroup subsys memory
[   11.540923] Initializing cgroup subsys devices
[   11.621733] Initializing cgroup subsys freezer
[   11.700720] Initializing cgroup subsys net_cls
[   11.788965] Initializing cgroup subsys perf_event
[   11.852400] Initializing cgroup subsys net_prio
[   11.911385] Initializing cgroup subsys hugetlb
[   11.997884] Initializing cgroup subsys pids
[   12.070166] CPU: Physical Processor ID: 0
[   12.134399] CPU: Processor Core ID: 0
[   12.193067] mce: CPU supports 0 MCE banks
[   12.240653] Last level iTLB entries: 4KB 1024, 2MB 1024, 4MB 1024
[   12.276048] Last level dTLB entries: 4KB 1024, 2MB 1024, 4MB 1024, 1GB 4
[   12.372739] Freeing SMP alternatives memory: 32K (ffffffff820b8000 - ffffffff820c0000)
[   12.508106] ftrace: allocating 32065 entries in 126 pages
[   12.611328] smpboot: APIC(0) Converting physical 0 to logical package 0
[   12.673609] smpboot: Max logical packages: 1
[   12.700992] x2apic enabled
[   12.751487] Switched APIC routing to physical x2apic.
[   12.826538] ..TIMER: vector=0x30 apic1=0 pin1=2 apic2=-1 pin2=-1
[   13.035887] smpboot: CPU0: Intel(R) Core(TM) i7-4770HQ CPU @ 2.20GHz (family: 0x6, model: 0x46, stepping: 0x1)
[   13.235656] Performance Events: unsupported p6 CPU model 70 no PMU driver, software events only.
[   13.356635] KVM setup paravirtual spinlock
[   13.373020] x86: Booting SMP configuration:
[   13.419072] .... node  #0, CPUs:      #1
[   13.477223] kvm-clock: cpu 1, msr 0:3ffe3041, secondary cpu clock
[   13.591492] mce: CPU supports 0 MCE banks
[   13.690627] x86: Booted up 1 node, 2 CPUs
[   13.769186] smpboot: Total of 2 processors activated (8779.67 BogoMIPS)
[   13.842737] devtmpfs: initialized
[   13.909857] evm: security.selinux
[   13.987833] evm: security.SMACK64
[   14.053121] evm: security.SMACK64EXEC
[   14.138782] evm: security.SMACK64TRANSMUTE
[   14.224626] evm: security.SMACK64MMAP
[   14.295845] evm: security.ima
[   14.345284] evm: security.capability
[   14.417150] clocksource: jiffies: mask: 0xffffffff max_cycles: 0xffffffff, max_idle_ns: 7645041785100000 ns
[   14.542349] pinctrl core: initialized pinctrl subsystem
[   14.667628] RTC time: 23:41:08, date: 02/18/17
[   14.778366] NET: Registered protocol family 16
[   14.896412] cpuidle: using governor ladder
[   14.992679] cpuidle: using governor menu
[   15.085489] PCCT header not found.
[   15.153097] ACPI: bus type PCI registered
[   15.225828] acpiphp: ACPI Hot Plug PCI Controller Driver version: 0.5
[   15.375990] PCI: Using configuration type 1 for base access
[   15.512518] ACPI: Added _OSI(Module Device)
[   15.547032] ACPI: Added _OSI(Processor Device)
[   15.547834] ACPI: Added _OSI(3.0 _SCP Extensions)
[   15.548649] ACPI: Added _OSI(Processor Aggregator Device)
[   15.550162] ACPI: Executed 1 blocks of module-level executable AML code
[   15.553135] ACPI: Interpreter enabled
[   15.629904] ACPI: (supports S0 S5)
[   15.692738] ACPI: Using IOAPIC for interrupt routing
[   15.805398] PCI: Using host bridge windows from ACPI; if necessary, use "pci=nocrs" and report a bug
[   15.983425] ACPI: PCI Root Bridge [PCI0] (domain 0000 [bus 00-ff])
[   16.104774] acpi PNP0A03:00: _OSC: OS supports [ASPM ClockPM Segments MSI]
[   16.244048] acpi PNP0A03:00: _OSC failed (AE_NOT_FOUND); disabling ASPM
[   16.383076] acpi PNP0A03:00: fail to add MMCONFIG information, can't access extended PCI configuration space under this bridge.
[   16.576327] PCI host bridge to bus 0000:00
[   16.604344] pci_bus 0000:00: root bus resource [io  0x0000-0x0cf7 window]
[   16.631300] pci_bus 0000:00: root bus resource [io  0x0d00-0xffff window]
[   16.723435] pci_bus 0000:00: root bus resource [mem 0x000a0000-0x000bffff window]
[   16.870639] pci_bus 0000:00: root bus resource [mem 0x40000000-0xffdfffff window]
[   17.019251] pci_bus 0000:00: root bus resource [bus 00-ff]
[   17.126904] pci 0000:00:01.1: legacy IDE quirk: reg 0x10: [io  0x01f0-0x01f7]
[   17.279035] pci 0000:00:01.1: legacy IDE quirk: reg 0x14: [io  0x03f6]
[   17.416904] pci 0000:00:01.1: legacy IDE quirk: reg 0x18: [io  0x0170-0x0177]
[   17.546527] pci 0000:00:01.1: legacy IDE quirk: reg 0x1c: [io  0x0376]
[   17.649703] pci 0000:00:07.0: quirk: [io  0x4000-0x403f] claimed by PIIX4 ACPI
[   17.717739] pci 0000:00:07.0: quirk: [io  0x4100-0x410f] claimed by PIIX4 SMB
[   17.867346] ACPI: PCI Interrupt Link [LNKA] (IRQs 5 9 10 *11)
[   17.956030] ACPI: PCI Interrupt Link [LNKB] (IRQs 5 9 10 *11)
[   18.045242] ACPI: PCI Interrupt Link [LNKC] (IRQs 5 9 *10 11)
[   18.164961] ACPI: PCI Interrupt Link [LNKD] (IRQs 5 *9 10 11)
[   18.294275] ACPI: Enabled 2 GPEs in block 00 to 07
[   18.405763] vgaarb: setting as boot device: PCI:0000:00:02.0
[   18.544821] vgaarb: device added: PCI:0000:00:02.0,decodes=io+mem,owns=io+mem,locks=none
[   18.726487] vgaarb: loaded
[   18.763222] vgaarb: bridge control possible 0000:00:02.0
[   18.806239] SCSI subsystem initialized
[   18.820651] ACPI: bus type USB registered
[   18.840353] usbcore: registered new interface driver usbfs
[   18.841259] usbcore: registered new interface driver hub
[   18.842165] usbcore: registered new device driver usb
[   18.843454] PCI: Using ACPI for IRQ routing
[   18.913681] NetLabel: Initializing
[   18.932741] NetLabel:  domain hash size = 128
[   18.940230] NetLabel:  protocols = UNLABELED CIPSOv4
[   19.013301] NetLabel:  unlabeled traffic allowed by default
[   19.114843] amd_nb: Cannot enumerate AMD northbridges
[   19.246593] clocksource: Switched to clocksource kvm-clock
[   19.367564] AppArmor: AppArmor Filesystem Enabled
[   19.496100] pnp: PnP ACPI init
[   19.584688] pnp: PnP ACPI: found 3 devices
[   19.696237] clocksource: acpi_pm: mask: 0xffffff max_cycles: 0xffffff, max_idle_ns: 2085701024 ns
[   19.765976] NET: Registered protocol family 2
[   19.855204] TCP established hash table entries: 8192 (order: 4, 65536 bytes)
[   19.971718] TCP bind hash table entries: 8192 (order: 5, 131072 bytes)
[   20.165708] TCP: Hash tables configured (established 8192 bind 8192)
[   20.310017] UDP hash table entries: 512 (order: 2, 16384 bytes)
[   20.327438] UDP-Lite hash table entries: 512 (order: 2, 16384 bytes)
[   20.328502] NET: Registered protocol family 1
[   20.329290] pci 0000:00:00.0: Limiting direct PCI/PCI transfers
[   20.415561] pci 0000:00:01.0: Activating ISA DMA hang workarounds
[   20.444052] Trying to unpack rootfs image as initramfs...
[   22.134975] Freeing initrd memory: 10484K (ffff880036b76000 - ffff8800375b3000)
[   22.319809] platform rtc_cmos: registered platform RTC device (no PNP device found)
[   22.505413] Scanning for low memory corruption every 60 seconds
[   22.665433] futex hash table entries: 512 (order: 3, 32768 bytes)
[   22.741966] audit: initializing netlink subsys (disabled)
[   22.803296] audit: type=2000 audit(1487461263.166:1): initialized
[   22.935320] Initialise system trusted keyring
[   23.027621] HugeTLB registered 2 MB page size, pre-allocated 0 pages
[   23.135124] zbud: loaded
[   23.154387] VFS: Disk quotas dquot_6.6.0
[   23.229649] VFS: Dquot-cache hash table entries: 512 (order 0, 4096 bytes)
[   23.426235] tsc: Refined TSC clocksource calibration: 2193.729 MHz
[   23.593571] clocksource: tsc: mask: 0xffffffffffffffff max_cycles: 0x1f9f0ef1c15, max_idle_ns: 440795291974 ns
[   23.593876] squashfs: version 4.0 (2009/01/31) Phillip Lougher
[   23.594068] fuse init (API version 7.23)
[   23.594162] Key type big_key registered
[   23.594181] Allocating IMA MOK and blacklist keyrings.
[   23.594356] Key type asymmetric registered
[   23.594362] Asymmetric key parser 'x509' registered
[   23.594390] Block layer SCSI generic (bsg) driver version 0.4 loaded (major 249)
[   23.594429] io scheduler noop registered
[   23.594431] io scheduler deadline registered (default)
[   23.594464] io scheduler cfq registered
[   23.594544] pci_hotplug: PCI Hot Plug PCI Core version: 0.5
[   23.594547] pciehp: PCI Express Hot Plug Controller Driver version: 0.4
[   23.594925] ACPI: AC Adapter [AC] (off-line)
[   23.594976] input: Power Button as /devices/LNXSYSTM:00/LNXPWRBN:00/input/input0
[   23.594979] ACPI: Power Button [PWRF]
[   23.595040] input: Sleep Button as /devices/LNXSYSTM:00/LNXSLPBN:00/input/input1
[   23.595041] ACPI: Sleep Button [SLPF]
[   23.595164] GHES: HEST is not enabled!
[   23.596184] ACPI: Battery Slot [BAT0] (battery present)
[   23.596224] Serial: 8250/16550 driver, 32 ports, IRQ sharing enabled
[   23.876842] 00:02: ttyS0 at I/O 0x3f8 (irq = 4, base_baud = 115200) is a 16550A
[   24.044924] Linux agpgart interface v0.103
[   24.208404] brd: module loaded
[   24.209282] loop: module loaded
[   24.209815] scsi host0: ata_piix
[   24.209875] scsi host1: ata_piix
[   24.209908] ata1: PATA max UDMA/33 cmd 0x1f0 ctl 0x3f6 bmdma 0xd000 irq 14
[   24.209909] ata2: PATA max UDMA/33 cmd 0x170 ctl 0x376 bmdma 0xd008 irq 15
[   24.209997] libphy: Fixed MDIO Bus: probed
[   24.209999] tun: Universal TUN/TAP device driver, 1.6
[   24.210000] tun: (C) 1999-2004 Max Krasnyansky <maxk@qualcomm.com>
[   24.210288] PPP generic driver version 2.4.2
[   24.210337] ehci_hcd: USB 2.0 'Enhanced' Host Controller (EHCI) Driver
[   24.210341] ehci-pci: EHCI PCI platform driver
[   24.210355] ehci-platform: EHCI generic platform driver
[   24.210362] ohci_hcd: USB 1.1 'Open' Host Controller (OHCI) Driver
[   24.210365] ohci-pci: OHCI PCI platform driver
[   24.210372] ohci-platform: OHCI generic platform driver
[   24.210378] uhci_hcd: USB Universal Host Controller Interface driver
[   24.210429] i8042: PNP: PS/2 Controller [PNP0303:PS2K,PNP0f03:PS2M] at 0x60,0x64 irq 1,12
[   24.229977] serio: i8042 KBD port at 0x60,0x64 irq 1
[   24.229982] serio: i8042 AUX port at 0x60,0x64 irq 12
[   24.230114] mousedev: PS/2 mouse device common for all mice
[   24.230393] rtc_cmos rtc_cmos: rtc core: registered rtc_cmos as rtc0
[   24.230442] rtc_cmos rtc_cmos: alarms up to one day, 114 bytes nvram
[   24.230447] i2c /dev entries driver
[   24.230496] device-mapper: uevent: version 1.0.3
[   24.230563] device-mapper: ioctl: 4.34.0-ioctl (2015-10-28) initialised: dm-devel@redhat.com
[   24.230577] ledtrig-cpu: registered to indicate activity on CPUs
[   24.230881] NET: Registered protocol family 10
[   24.231016] NET: Registered protocol family 17
[   24.231051] Key type dns_resolver registered
[   24.318268] microcode: CPU0 sig=0x40661, pf=0x40, revision=0x0
[   24.318402] microcode: CPU1 sig=0x40661, pf=0x40, revision=0x0
[   24.318475] microcode: Microcode Update Driver: v2.01 <tigran@aivazian.fsnet.co.uk>, Peter Oruba
[   24.318589] registered taskstats version 1
[   24.318603] Loading compiled-in X.509 certificates
[   24.319161] Loaded X.509 cert 'Build time autogenerated kernel key: a630254739635d6fdc487c9f0afa5d9a0ff04f04'
[   24.319178] zswap: loaded using pool lzo/zbud
[   24.320283] Key type trusted registered
[   24.322085] Key type encrypted registered
[   24.322089] AppArmor: AppArmor sha1 policy hashing enabled
[   24.322092] ima: No TPM chip found, activating TPM-bypass!
[   24.322107] evm: HMAC attrs: 0x1
[   24.322349]   Magic number: 5:900:706
[   24.479071] rtc_cmos rtc_cmos: setting system clock to 2017-02-18 23:41:18 UTC (1487461278)
[   24.479205] BIOS EDD facility v0.16 2004-Jun-25, 0 devices found
[   24.479206] EDD information not available.
[   25.103237] input: AT Translated Set 2 keyboard as /devices/platform/i8042/serio0/input/input2
[   30.716560] Freeing unused kernel memory: 1488K (ffffffff81f44000 - ffffffff820b8000)
[   30.735923] Write protecting the kernel read-only data: 14336k
[   30.804653] Freeing unused kernel memory: 1792K (ffff880001840000 - ffff880001a00000)
[   31.078065] Freeing unused kernel memory: 136K (ffff880001dde000 - ffff880001e00000)
Loading, please [   31.407908] random: systemd-udevd: uninitialized urandom read (16 bytes read, 4 bits of entropy available)
wait...
startin[   31.408428] random: udevadm: uninitialized urandom read (16 bytes read, 4 bits of entropy available)
g version 229
[   31.408458] random: udevadm: uninitialized urandom read (16 bytes read, 4 bits of entropy available)
[   31.408553] random: udevadm: uninitialized urandom read (16 bytes read, 4 bits of entropy available)
[   31.408585] random: udevadm: uninitialized urandom read (16 bytes read, 4 bits of entropy available)
[   31.408619] random: udevadm: uninitialized urandom read (16 bytes read, 4 bits of entropy available)
[   31.408657] random: udevadm: uninitialized urandom read (16 bytes read, 4 bits of entropy available)
[   31.408689] random: udevadm: uninitialized urandom read (16 bytes read, 4 bits of entropy available)
[   31.408718] random: udevadm: uninitialized urandom read (16 bytes read, 4 bits of entropy available)
[   31.408749] random: udevadm: uninitialized urandom read (16 bytes read, 4 bits of entropy available)
[   33.999701] e1000: Intel(R) PRO/1000 Network Driver - version 7.3.21-k8-NAPI
[   34.316395] e1000: Copyright (c) 1999-2006 Intel Corporation.
[   34.516800] Fusion MPT base driver 3.04.20
[   34.605953] Copyright (c) 1999-2008 LSI Corporation
[   34.791141] AVX version of gcm_enc/dec engaged.
[   34.986170] AES CTR mode by8 optimization enabled
[   35.076219] Fusion MPT SPI Host driver 3.04.20
[   35.270668] input: ImExPS/2 Generic Explorer Mouse as /devices/platform/i8042/serio1/input/input4
[   35.531620] e1000 0000:00:03.0 eth0: (PCI:33MHz:32-bit) 02:f2:f2:0c:4e:d5
[   35.687355] e1000 0000:00:03.0 eth0: Intel(R) PRO/1000 Network Connection
[   35.856306] e1000 0000:00:03.0 enp0s3: renamed from eth0
[   35.856348] mptbase: ioc0: Initiating bringup
[   35.919145] ioc0: LSI53C1030 A0: Capabilities={Initiator}
[   36.164684] scsi host2: ioc0: LSI53C1030 A0, FwRev=00000000h, Ports=1, MaxQ=256, IRQ=20
[   36.467048] scsi 2:0:0:0: Direct-Access     VBOX     HARDDISK         1.0  PQ: 0 ANSI: 5
[   36.527915] scsi target2:0:0: Beginning Domain Validation
[   36.789429] scsi target2:0:0: Domain Validation skipping write tests
[   37.056429] scsi target2:0:0: Ending Domain Validation
[   37.229065] scsi target2:0:0: asynchronous
[   37.242798] scsi 2:0:1:0: Direct-Access     VBOX     HARDDISK         1.0  PQ: 0 ANSI: 5
[   37.324687] floppy0: no floppy controllers found
[   37.466486] scsi target2:0:1: Beginning Domain Validation
[   37.611913] scsi target2:0:1: Domain Validation skipping write tests
[   37.782073] scsi target2:0:1: Ending Domain Validation
[   37.908182] scsi target2:0:1: asynchronous
[   38.017041] sd 2:0:0:0: [sda] 20971520 512-byte logical blocks: (10.7 GB/10.0 GiB)
[   38.018438] sd 2:0:0:0: Attached scsi generic sg0 type 0
[   38.250798] sd 2:0:0:0: [sda] Write Protect is off
[   38.259376] sd 2:0:1:0: Attached scsi generic sg1 type 0
[   38.348863] sd 2:0:1:0: [sdb] 20480 512-byte logical blocks: (10.5 MB/10.0 MiB)
[   38.348897] sd 2:0:0:0: [sda] Incomplete mode parameter data
[   38.348898] sd 2:0:0:0: [sda] Assuming drive cache: write through
[   38.562330]  sda: sda1
[   38.563155] sd 2:0:0:0: [sda] Attached SCSI disk
[   39.237321] sd 2:0:1:0: [sdb] Write Protect is off
[   39.389310] sd 2:0:1:0: [sdb] Incomplete mode parameter data
[   39.405248] sd 2:0:1:0: [sdb] Assuming drive cache: write through
[   39.429744] sd 2:0:1:0: [sdb] Attached SCSI disk
Begin: Loading e[   40.737946] md: linear personality registered for level -1
ssential drivers[   40.902889] md: multipath personality registered for level -4
 ... [   41.224433] md: raid0 personality registered for level 0
[   41.479303] md: raid1 personality registered for level 1
[   41.647150] raid6: sse2x1   gen()  9043 MB/s
[   41.818940] raid6: sse2x1   xor()  7830 MB/s
[   42.003079] raid6: sse2x2   gen() 12529 MB/s
[   42.167229] raid6: sse2x2   xor()  8831 MB/s
[   42.326648] raid6: sse2x4   gen() 15053 MB/s
[   42.495110] raid6: sse2x4   xor() 10311 MB/s
[   42.608081] raid6: using algorithm sse2x4 gen() 15053 MB/s
[   42.666268] raid6: .... xor() 10311 MB/s, rmw enabled
[   42.719938] raid6: using ssse3x2 recovery algorithm
[   42.829595] xor: automatically using best checksumming function:
[   42.946656]    avx       : 20474.000 MB/sec
[   42.994339] async_tx: api initialized (async)
[   43.034753] md: raid6 personality registered for level 6
[   43.245927] md: raid5 personality registered for level 5
[   43.585761] md: raid4 personality registered for level 4
[   43.741220] md: raid10 personality registered for level 10
done.
Begin: Running /scripts/init-premount ... done[   43.817061] Btrfs loaded
.
Begin: Mounting root file system ... Begin: Running /scripts/local-top ... do[   43.902133] EXT4-fs (sda1): INFO: recovery required on readonly filesystem
ne.
Begin: Runn[   44.102482] EXT4-fs (sda1): write access will be enabled during recovery
ing /scripts/local-premount ... Scanning for Btrfs filesystems
done.
Warning: fsck not present, so skipping root file system
[   44.308860] EXT4-fs (sda1): orphan cleanup on readonly fs
[   44.309819] EXT4-fs (sda1): 6 orphan inodes deleted
[   44.310664] EXT4-fs (sda1): recovery complete
[   44.418560] EXT4-fs (sda1): mounted filesystem with ordered data mode. Opts: (null)
done.
Begin: Running /scripts/local-bottom ... done.
Begin: Running /scripts/init-bottom ... done.
[   44.685927] systemd[1]: systemd 229 running in system mode. (+PAM +AUDIT +SELINUX +IMA +APPARMOR +SMACK +SYSVINIT +UTMP +LIBCRYPTSETUP +GCRYPT +GNUTLS +ACL +XZ -LZ4 +SECCOMP +BLKID +ELFUTILS +KMOD -IDN)
[   44.949611] systemd[1]: Detected virtualization oracle.
[   45.055240] systemd[1]: Detected architecture x86-64.

Welcome to [1mUbuntu 16.04.2 LTS[0m!

[   45.231455] systemd[1]: Set hostname to <ubuntu-xenial>.
[   45.457590] systemd[1]: Listening on /dev/initctl Compatibility Named Pipe.
[[0;32m  OK  [0m] Listening on /dev/initctl Compatibility Named Pipe.
[   45.723150] systemd[1]: Listening on LVM2 metadata daemon socket.
[[0;32m  OK  [0m] Listening on LVM2 metadata daemon socket.
[   45.914979] systemd[1]: Set up automount Arbitrary Executable File Formats File System Automount Point.
[[0;32m  OK  [0m] Set up automount Arbitrary Executab...ats File System Automount Point.
[   46.223757] systemd[1]: Listening on Syslog Socket.
[[0;32m  OK  [0m] Listening on Syslog Socket.
[   46.391171] systemd[1]: Listening on Journal Socket.
[[0;32m  OK  [0m] Listening on Journal Socket.
[   46.565795] systemd[1]: Created slice User and Session Slice.
[[0;32m  OK  [0m] Created slice User and Session Slice.
[   46.771190] systemd[1]: Reached target User and Group Name Lookups.
[[0;32m  OK  [0m] Reached target User and Group Name Lookups.
[   46.978859] systemd[1]: Listening on Journal Socket (/dev/log).
[[0;32m  OK  [0m] Listening on Journal Socket (/dev/log).
[   47.143289] systemd[1]: Reached target Swap.
[[0;32m  OK  [0m] Reached target Swap.
[   47.291881] systemd[1]: Listening on Journal Audit Socket.
[[0;32m  OK  [0m] Listening on Journal Audit Socket.
[   47.479401] systemd[1]: Created slice System Slice.
[[0;32m  OK  [0m] Created slice System Slice.
[   47.679548] systemd[1]: Starting Set console keymap...
         Starting Set console keymap...
[   47.828363] systemd[1]: Starting Nameserver information manager...
         Starting Nameserver information manager...
[   47.882830] systemd[1]: Mounting POSIX Message Queue File System...
         Mounting POSIX Message Queue File System...
[   48.086781] systemd[1]: Starting Remount Root and Kernel File Systems...
[   48.192367] random: nonblocking pool is initialized
         Starting Remount[   48.333470] EXT4-fs (sda1): re-mounted. Opts: (null)
 Root and Kernel File Systems...
[   48.507020] systemd[1]: Starting Uncomplicated firewall...
         Starting Uncomplicated firewall...
[   48.659367] systemd[1]: Starting Load Kernel Modules...
         Starting Load Ke[   48.788540] Loading iSCSI transport class v2.0-870.
rnel Modules...[   48.931532] iscsi: registered transport (tcp)

[   49.024191] systemd[1]: Reached target Encrypted Volumes.
[[0;32m  OK  [0m] Reached target Encrypted Volumes.
[   49.164036] iscsi: registered transport (iser)
[   49.261154] systemd[1]: Created slice system-serial\x2dgetty.slice.
[[0;32m  OK  [0m] Created slice system-serial\x2dgetty.slice.
[   49.499289] systemd[1]: Listening on udev Kernel Socket.
[[0;32m  OK  [0m] Listening on udev Kernel Socket.
[   49.679574] systemd[1]: Started Forward Password Requests to Wall Directory Watch.
[[0;32m  OK  [0m] Started Forward Password Requests to Wall Directory Watch.
[   49.946878] systemd[1]: Mounting Huge Pages File System...
         Mounting Huge Pages File System...
[   50.127854] systemd[1]: Listening on udev Control Socket.
[[0;32m  OK  [0m] Listening on udev Control Socket.
[   50.291569] systemd[1]: Reached target Slices.
[[0;32m  OK  [0m] Reached target Slices.
[   50.427674] systemd[1]: Listening on Device-mapper event daemon FIFOs.
[[0;32m  OK  [0m] Listening on Device-mapper event daemon FIFOs.
[   50.670954] systemd[1]: Starting Monitoring of LVM2 mirrors, snapshots etc. using dmeventd or progress polling...
         Starting Monitoring of LVM2 mirrors... dmeventd or progress polling...
[   50.923314] systemd[1]: Starting Create list of required static device nodes for the current kernel...
         Starting Create list of required st... nodes for the current kernel...
[   51.163162] systemd[1]: Starting Journal Service...
         Starting Journal Service...
[   51.291218] systemd[1]: Mounting Debug File System...
         Mounting Debug File System...
[   51.366922] systemd[1]: Listening on LVM2 poll daemon socket.
[[0;32m  OK  [0m] Listening on LVM2 poll daemon socket.
[   51.563652] systemd[1]: Mounted POSIX Message Queue File System.
[[0;32m  OK  [0m] Mounted POSIX Message Queue File System.
[   51.747236] systemd[1]: Mounted Huge Pages File System.
[[0;32m  OK  [0m] Mounted Huge Pages File System.
[   51.915064] systemd[1]: Mounted Debug File System.
[[0;32m  OK  [0m] Mounted Debug File System.
[   52.071399] systemd[1]: Started Journal Service.
[[0;32m  OK  [0m] Started Journal Service.
[[0;32m  OK  [0m] Started Set console keymap.
[[0;32m  OK  [0m] Started Remount Root and Kernel File Systems.
[[0;32m  OK  [0m] Started Uncomplicated firewall.
[[0;32m  OK  [0m] Started Load Kernel Modules.
[[0;32m  OK  [0m] Started Create list of required sta...ce nodes for the current kernel.
[[0;32m  OK  [0m] Started Nameserver information manager.
[[0;32m  OK  [0m] Started LVM2 metadata daemon.
         Starting Create Static Device Nodes in /dev...
         Starting Apply Kernel Variables...
         Mounting FUSE Control File System...
         Starting udev Coldplug all Devices...
         Starting Load/Save Random Seed...
         Starting Initial cloud-init job (pre-networking)...
         Starting Flush Journal to Persistent Storage...
[[0;32m  OK  [0m] Mounted FUSE Control File System.
[[0;32m  OK  [0m] Started Create Static Device Nodes in /dev.
[[0;32m  OK  [0m] Started Apply Kernel Variables.
[[0;32m  OK  [0m] Started Monitoring of LVM2 mirrors,...ng dmeventd or progress polling.
[[0;32m  OK  [0m] Started Load/Save Random Seed.
[[0;32m  OK  [0m] Started udev Coldplug all Devices.
[[0;32m  OK  [0m] Started Flush Journal to Persistent Storage.
         Starting udev Kernel Device Manager...
[[0;32m  OK  [0m] Started udev Kernel Device Manager.
[[0;32m  OK  [0m] Reached target Local File Systems (Pre).
[[0;32m  OK  [0m] Reached target Local File Systems.
         Starting Create Volatile Files and Directories...
         Starting LSB: AppArmor initialization...
         Starting Tell Plymouth To Write Out Runtime Data...
         Starting Set console font and keymap...
[[0;32m  OK  [0m] Started Dispatch Password Requests to Console Directory Watch.
[[0;32m  OK  [0m] Started Create Volatile Files and Directories.
[[0;32m  OK  [0m] Started Tell Plymouth To Write Out Runtime Data.
[[0;32m  OK  [0m] Found device /dev/ttyS0.
[   35.285002] cloud-init[491]: Cloud-init v. 0.7.8 running 'init-local' at Sat, 18 Feb 2017 23:41:47 +0000. Up 34.86 seconds.
[[0;32m  OK  [0m] Started LSB: AppArmor initialization.
[[0;32m  OK  [0m] Started Set console font and keymap.
[[0;32m  OK  [0m] Started Initial cloud-init job (pre-networking).
[[0;32m  OK  [0m] Listening on Load/Save RF Kill Switch Status /dev/rfkill Watch.
[[0;32m  OK  [0m] Reached target Network (Pre).
[[0;32m  OK  [0m] Created slice system-getty.slice.
         Starting Raise network interfaces...
[[0;32m  OK  [0m] Started ifup for enp0s3.
         Starting Update UTMP about System Boot/Shutdown...
[[0;32m  OK  [0m] Reached target System Time Synchronized.
[[0;32m  OK  [0m] Started Update UTMP about System Boot/Shutdown.
[[0;1;31mFAILED[0m] Failed to start Raise network interfaces.
See 'systemctl status networking.service' for details.
         Starting Initial cloud-init job (metadata service crawler)...
[[0;32m  OK  [0m] Reached target Network.
[   38.351993] cloud-init[1099]: Cloud-init v. 0.7.8 running 'init' at Sat, 18 Feb 2017 23:41:50 +0000. Up 38.15 seconds.
[   38.408644] cloud-init[1099]: ci-info: +++++++++++++++++++++++++++++++++++++Net device info++++++++++++++++++++++++++++++++++++++
[   38.408972] cloud-init[1099]: ci-info: +--------+------+----------------------------+---------------+-------+-------------------+
[[0;32m  OK  [0m] Started Initial cloud-init job (metadata service crawler).
[   38.409140] cloud-init[1099]: ci-info: | Device |  Up  |          Address           |      Mask     | Scope |     Hw-Address    |
[   38.772939] cloud-init[1099]: ci-info: +--------+------+----------------------------+---------------+-------+-------------------+
[   38.773217] cloud-init[1099]: ci-info: | enp0s3 | True |         10.0.2.15          | 255.255.255.0 |   .   | 02:f2:f2:0c:4e:d5 |
[[0;32m  OK  [0m] Reached target Cloud-config availability.
[[   38.773353] cloud-init[1099]: ci-info: | enp0s3 | True | fe80::f2:f2ff:fe0c:4ed5/64 |       .       |  link | 02:f2:f2:0c:4e:d5 |
[   39.033292] cloud-init[1099]: ci-info: |   lo   | True |         127.0.0.1          |   255.0.0.0   |   .   |         .         |
[0;32m  OK  [0m] Reached target System Initialization.
         Starting Socket activation for snappy daemon.
[   39.033447] cloud-init[1099]: ci-info: |   lo   | True |          ::1/128           |       .       |  host |         .         |
[   39.368619] cloud-init[1099]: ci-info: +--------+------+----------------------------+---------------+-------+-------------------+
[   39.369017] cloud-init[1099]: ci-info: +++++++++++++++++++++++++++Route IPv4 info++++++++++++++++++++++++++++
[[0;32m  OK  [0m] Listening on ACPID Listen Socket.
[[   39.369189] cloud-init[1099]: ci-info: +-------+-------------+----------+---------------+-----------+-------+
[   39.465222] cloud-init[1099]: ci-info: | Route | Destination | Gateway  |    Genmask    | Interface | Flags |
[0;32m  OK  [0m] Listening on UUID daemon activation socket.
[[   39.465340] cloud-init[1099]: ci-info: +-------+-------------+----------+---------------+-----------+-------+
[   39.645805] cloud-init[1099]: ci-info: |   0   |   0.0.0.0   | 10.0.2.2 |    0.0.0.0    |   enp0s3  |   UG  |
[0;32m  OK  [0m] Started Trigger resolvconf update for networkd DNS.
[   39.645958] cloud-init[1099]: ci-info: |   1   |   10.0.2.0  | 0.0.0.0  | 255.255.255.0 |   enp0s3  |   U   |
[   39.796839] cloud-init[1099]: ci-info: +-------+-------------+----------+---------------+-----------+-------+
[[0;32m  OK  [0m] Listening on D-Bus System Message Bus Socket.
[[0;32m  OK  [0m] Started Daily apt activities.
[[0;32m  OK  [0m] Started Timer to automatically refresh installed snaps.
[[0;32m  OK  [0m] Started Daily Cleanup of Temporary Directories.
[[0;32m  OK  [0m] Reached target Timers.
         Starting LXD - unix socket.
[[0;32m  OK  [0m] Started ACPI Events Check.
[[0;32m  OK  [0m] Reached target Paths.
[[0;32m  OK  [0m] Reached target Network is Online.
         Starting iSCSI initiator daemon (iscsid)...
[[0;32m  OK  [0m] Listening on Socket activation for snappy daemon.
[[0;32m  OK  [0m] Listening on LXD - unix socket.
[[0;32m  OK  [0m] Reached target Sockets.
[[0;32m  OK  [0m] Reached target Basic System.
         Starting MySQL Community Server...
[[0;32m  OK  [0m] Started D-Bus System Message Bus.
[[0;32m  OK  [0m] Started Regular background program processing daemon.
[[0;32m  OK  [0m] Started FUSE filesystem for LXC.
         Starting System Logging Service...
         Starting Apply the settings specified in cloud-config...
         Starting LSB: Record successful boot for GRUB...
         Starting LXD - container startup/shutdown...
[[0;32m  OK  [0m] Started Deferred execution scheduler.
         Starting OpenBSD Secure Shell server...
         Starting Login Service...
         Starting Accounts Service...
         Starting LSB: MD monitoring daemon...
[[0;32m  OK  [0m] Started ACPI event daemon.
         Starting /etc/rc.local Compatibility...
[[0;32m  OK  [0m] Started Snappy daemon.
         Starting Auto import assertions from block devices...
[[0;32m  OK  [0m] Started System Logging Service.
[[0;32m  OK  [0m] Started OpenBSD Secure Shell server.
[[0;32m  OK  [0m] Started iSCSI initiator daemon (iscsid).
[   40.930644] cloud-init[1168]: Cloud-init v. 0.7.8 running 'modules:config' at Sat, 18 Feb 2017 23:41:53 +0000. Up 40.84 seconds.
[[0;32m  OK  [0m] Started Apply the settings specified in cloud-config.
[[0;32m  OK  [0m] Started LXD - container startup/shutdown.
[[0;32m  OK  [0m] Started /etc/rc.local Compatibility.
[[0;32m  OK  [0m] Started Auto import assertions from block devices.
[[0;32m  OK  [0m] Started LSB: Record successful boot for GRUB.
[[0;32m  OK  [0m] Started LSB: MD monitoring daemon.
[[0;32m  OK  [0m] Started Login Service.
         Starting Authenticate and Authorize Users to Run Privileged Tasks...
         Starting Login to default iSCSI targets...
[[0;32m  OK  [0m] Started Authenticate and Authorize Users to Run Privileged Tasks.
[[0;32m  OK  [0m] Started Accounts Service.
[[0;32m  OK  [0m] Started Login to default iSCSI targets.
[[0;32m  OK  [0m] Reached target Remote File Systems (Pre).
[[0;32m  OK  [0m] Reached target Remote File Systems.
         Starting LSB: Set the CPU Frequency Scaling governor to "ondemand"...
         Starting LSB: VirtualBox Linux Additions...
         Starting LSB: automatic crash report generation...
         Starting LSB: Apache2 web server...
         Starting LSB: daemon to balance interrupts for SMP systems...
         Starting Permit User Sessions...
[[0;32m  OK  [0m] Started Permit User Sessions.
[[0;32m  OK  [0m] Started LSB: Set the CPU Frequency Scaling governor to "ondemand".
[[0;32m  OK  [0m] Started LSB: VirtualBox Linux Additions.
[[0;32m  OK  [0m] Started MySQL Community Server.
[[0;32m  OK  [0m] Started LSB: automatic crash report generation.
[[0;32m  OK  [0m] Created slice User Slice of ubuntu.
[[0;32m  OK  [0m] Started Session 1 of user ubuntu.
         Starting User Manager for UID 1000...
         Starting Hold until boot process finishes up...
         Starting Terminate Plymouth Boot Screen...
[[0;32m  OK  [0m] Started User Manager for UID 1000.
[[0;32m  OK  [0m] Started LSB: daemon to balance interrupts for SMP systems.
[[0;32m  OK  [0m] Started Hold until boot process finishes up.
[[0;32m  OK  [0m] Started Terminate Plymouth Boot Screen.
[[0;32m  OK  [0m] Started Serial Getty on ttyS0.
[[0;32m  OK  [0m] Started Getty on tty1.
[[0;32m  OK  [0m] Reached target Login Prompts.
         Starting Set console scheme...
[[0;32m  OK  [0m] Started Set console scheme.
[[0;32m  OK  [0m] Started LSB: Apache2 web server.
[[0;32m  OK  [0m] Reached target Multi-User System.
         Starting Execute cloud user/final scripts...
[[0;32m  OK  [0m] Reached target Graphical Interface.
         Starting Update UTMP about System Runlevel Changes...
[[0;32m  OK  [0m] Started Update UTMP about System Runlevel Changes.
[   43.707163] cloud-init[1474]: Cloud-init v. 0.7.8 running 'modules:final' at Sat, 18 Feb 2017 23:41:56 +0000. Up 43.62 seconds.
[   43.788503] cloud-init[1474]: Cloud-init v. 0.7.8 finished at Sat, 18 Feb 2017 23:41:56 +0000. Datasource DataSourceNoCloud [seed=/dev/sdb][dsmode=net].  Up 43.70 seconds
[[0;32m  OK  [0m] Started Execute cloud user/final scripts.
[[0;32m  OK  [0m] Reached target Cloud-init target.

Ubuntu 16.04.2 LTS ubuntu-xenial ttyS0

ubuntu-xenial login: 