[    0.000000] Initializing cgroup subsys cpuset
[    0.000000] Initializing cgroup subsys cpu
[    0.000000] Initializing cgroup subsys cpuacct
[    0.000000] Linux version 4.4.0-62-generic (buildd@lcy01-30) (gcc version 5.4.0 20160609 (Ubuntu 5.4.0-6ubuntu1~16.04.4) ) #83-Ubuntu SMP Wed Jan 18 14:10:15 UTC 2017 (Ubuntu 4.4.0-62.83-generic 4.4.40)
[    0.000000] Command line: BOOT_IMAGE=/boot/vmlinuz-4.4.0-62-generic root=LABEL=cloudimg-rootfs ro console=tty1 console=ttyS0
[    0.000000] KERNEL supported cpus:
[    0.000000]   Intel GenuineIntel
[    0.000000]   AMD AuthenticAMD
[    0.000000]   Centaur CentaurHauls
[    0.000000] x86/fpu: xstate_offset[2]:  576, xstate_sizes[2]:  256
[    0.000000] x86/fpu: Supporting XSAVE feature 0x01: 'x87 floating point registers'
[    0.000000] x86/fpu: Supporting XSAVE feature 0x02: 'SSE registers'
[    0.000000] x86/fpu: Supporting XSAVE feature 0x04: 'AVX registers'
[    0.000000] x86/fpu: Enabled xstate features 0x7, context size is 832 bytes, using 'standard' format.
[    0.000000] x86/fpu: Using 'lazy' FPU context switches.
[    0.000000] e820: BIOS-provided physical RAM map:
[    0.000000] BIOS-e820: [mem 0x0000000000000000-0x000000000009fbff] usable
[    0.000000] BIOS-e820: [mem 0x000000000009fc00-0x000000000009ffff] reserved
[    0.000000] BIOS-e820: [mem 0x00000000000f0000-0x00000000000fffff] reserved
[    0.000000] BIOS-e820: [mem 0x0000000000100000-0x000000003ffeffff] usable
[    0.000000] BIOS-e820: [mem 0x000000003fff0000-0x000000003fffffff] ACPI data
[    0.000000] BIOS-e820: [mem 0x00000000fec00000-0x00000000fec00fff] reserved
[    0.000000] BIOS-e820: [mem 0x00000000fee00000-0x00000000fee00fff] reserved
[    0.000000] BIOS-e820: [mem 0x00000000fffc0000-0x00000000ffffffff] reserved
[    0.000000] NX (Execute Disable) protection: active
[    0.000000] SMBIOS 2.5 present.
[    0.000000] Hypervisor detected: KVM
[    0.000000] e820: last_pfn = 0x3fff0 max_arch_pfn = 0x400000000
[    0.000000] MTRR: Disabled
[    0.000000] x86/PAT: MTRRs disabled, skipping PAT initialization too.
[    0.000000] x86/PAT: Configuration [0-7]: WB  WT  UC- UC  WB  WT  UC- UC  
[    0.000000] CPU MTRRs all blank - virtualized system.
[    0.000000] found SMP MP-table at [mem 0x0009fff0-0x0009ffff] mapped at [ffff88000009fff0]
[    0.000000] Scanning 1 areas for low memory corruption
[    0.000000] RAMDISK: [mem 0x36b76000-0x375b2fff]
[    0.000000] ACPI: Early table checksum verification disabled
[    0.000000] ACPI: RSDP 0x00000000000E0000 000024 (v02 VBOX  )
[    0.000000] ACPI: XSDT 0x000000003FFF0030 00003C (v01 VBOX   VBOXXSDT 00000001 ASL  00000061)
[    0.000000] ACPI: FACP 0x000000003FFF00F0 0000F4 (v04 VBOX   VBOXFACP 00000001 ASL  00000061)
[    0.000000] ACPI: DSDT 0x000000003FFF0470 00210F (v01 VBOX   VBOXBIOS 00000002 INTL 20100528)
[    0.000000] ACPI: FACS 0x000000003FFF0200 000040
[    0.000000] ACPI: FACS 0x000000003FFF0200 000040
[    0.000000] ACPI: APIC 0x000000003FFF0240 00005C (v02 VBOX   VBOXAPIC 00000001 ASL  00000061)
[    0.000000] ACPI: SSDT 0x000000003FFF02A0 0001CC (v01 VBOX   VBOXCPUT 00000002 INTL 20100528)
[    0.000000] No NUMA configuration found
[    0.000000] Faking a node at [mem 0x0000000000000000-0x000000003ffeffff]
[    0.000000] NODE_DATA(0) allocated [mem 0x3ffeb000-0x3ffeffff]
[    0.000000] kvm-clock: Using msrs 4b564d01 and 4b564d00
[    0.000000] kvm-clock: cpu 0, msr 0:3ffe3001, primary cpu clock
[    0.000000] kvm-clock: using sched offset of 3075330581 cycles
[    0.000000] clocksource: kvm-clock: mask: 0xffffffffffffffff max_cycles: 0x1cd42e4dffb, max_idle_ns: 881590591483 ns
[    0.000000] Zone ranges:
[    0.000000]   DMA      [mem 0x0000000000001000-0x0000000000ffffff]
[    0.000000]   DMA32    [mem 0x0000000001000000-0x000000003ffeffff]
[    0.000000]   Normal   empty
[    0.000000]   Device   empty
[    0.000000] Movable zone start for each node
[    0.000000] Early memory node ranges
[    0.000000]   node   0: [mem 0x0000000000001000-0x000000000009efff]
[    0.000000]   node   0: [mem 0x0000000000100000-0x000000003ffeffff]
[    0.000000] Initmem setup node 0 [mem 0x0000000000001000-0x000000003ffeffff]
[    0.000000] ACPI: PM-Timer IO Port: 0x4008
[    0.000000] IOAPIC[0]: apic_id 2, version 32, address 0xfec00000, GSI 0-23
[    0.000000] ACPI: INT_SRC_OVR (bus 0 bus_irq 0 global_irq 2 dfl dfl)
[    0.000000] ACPI: INT_SRC_OVR (bus 0 bus_irq 9 global_irq 9 high level)
[    0.000000] Using ACPI (MADT) for SMP configuration information
[    0.000000] smpboot: Allowing 2 CPUs, 0 hotplug CPUs
[    0.000000] PM: Registered nosave memory: [mem 0x00000000-0x00000fff]
[    0.000000] PM: Registered nosave memory: [mem 0x0009f000-0x0009ffff]
[    0.000000] PM: Registered nosave memory: [mem 0x000a0000-0x000effff]
[    0.000000] PM: Registered nosave memory: [mem 0x000f0000-0x000fffff]
[    0.000000] e820: [mem 0x40000000-0xfebfffff] available for PCI devices
[    0.000000] Booting paravirtualized kernel on KVM
[    0.000000] clocksource: refined-jiffies: mask: 0xffffffff max_cycles: 0xffffffff, max_idle_ns: 7645519600211568 ns
[    0.000000] setup_percpu: NR_CPUS:512 nr_cpumask_bits:512 nr_cpu_ids:2 nr_node_ids:1
[    0.000000] PERCPU: Embedded 33 pages/cpu @ffff88003fc00000 s98264 r8192 d28712 u1048576
[    0.000000] PV qspinlock hash table entries: 256 (order: 0, 4096 bytes)
[    0.000000] Built 1 zonelists in Node order, mobility grouping on.  Total pages: 257913
[    0.000000] Policy zone: DMA32
[    0.000000] Kernel command line: BOOT_IMAGE=/boot/vmlinuz-4.4.0-62-generic root=LABEL=cloudimg-rootfs ro console=tty1 console=ttyS0
[    0.000000] PID hash table entries: 4096 (order: 3, 32768 bytes)
[    0.000000] Memory: 1002096K/1048120K available (8436K kernel code, 1291K rwdata, 3960K rodata, 1488K init, 1316K bss, 46024K reserved, 0K cma-reserved)
[    0.000000] SLUB: HWalign=64, Order=0-3, MinObjects=0, CPUs=2, Nodes=1
[    0.000000] Hierarchical RCU implementation.
[    0.000000] 	Build-time adjustment of leaf fanout to 64.
[    0.000000] 	RCU restricting CPUs from NR_CPUS=512 to nr_cpu_ids=2.
[    0.000000] RCU: Adjusting geometry for rcu_fanout_leaf=64, nr_cpu_ids=2
[    0.000000] NR_IRQS:33024 nr_irqs:440 16
[    0.000000] Console: colour VGA+ 80x25
[    0.000000] console [tty1] enabled
[    0.000000] console [ttyS0] enabled
[    0.000000] tsc: Detected 2194.918 MHz processor
[    8.967204] Calibrating delay loop (skipped) preset value.. 4389.83 BogoMIPS (lpj=8779672)
[    8.968715] pid_max: default: 32768 minimum: 301
[    8.969534] ACPI: Core revision 20150930
[    8.971058] ACPI: 2 ACPI AML tables successfully acquired and loaded
[    8.972414] Security Framework initialized
[    9.052572] Yama: becoming mindful.
[    9.123989] AppArmor: AppArmor initialized
[    9.217468] Dentry cache hash table entries: 131072 (order: 8, 1048576 bytes)
[    9.377494] Inode-cache hash table entries: 65536 (order: 7, 524288 bytes)
[    9.539189] Mount-cache hash table entries: 2048 (order: 2, 16384 bytes)
[    9.708693] Mountpoint-cache hash table entries: 2048 (order: 2, 16384 bytes)
[    9.890009] Initializing cgroup subsys io
[    9.978203] Initializing cgroup subsys memory
[   10.018011] Initializing cgroup subsys devices
[   10.048224] Initializing cgroup subsys freezer
[   10.108604] Initializing cgroup subsys net_cls
[   10.208094] Initializing cgroup subsys perf_event
[   10.333311] Initializing cgroup subsys net_prio
[   10.451471] Initializing cgroup subsys hugetlb
[   10.554495] Initializing cgroup subsys pids
[   10.649726] CPU: Physical Processor ID: 0
[   10.731646] CPU: Processor Core ID: 0
[   10.819236] mce: CPU supports 0 MCE banks
[   10.900823] Last level iTLB entries: 4KB 1024, 2MB 1024, 4MB 1024
[   11.040337] Last level dTLB entries: 4KB 1024, 2MB 1024, 4MB 1024, 1GB 4
[   11.090305] Freeing SMP alternatives memory: 32K (ffffffff820b8000 - ffffffff820c0000)
[   11.137889] ftrace: allocating 32065 entries in 126 pages
[   11.291202] smpboot: APIC(0) Converting physical 0 to logical package 0
[   11.437180] smpboot: Max logical packages: 1
[   11.532173] x2apic enabled
[   11.592374] Switched APIC routing to physical x2apic.
[   11.719786] ..TIMER: vector=0x30 apic1=0 pin1=2 apic2=-1 pin2=-1
[   11.976921] smpboot: CPU0: Intel(R) Core(TM) i7-4770HQ CPU @ 2.20GHz (family: 0x6, model: 0x46, stepping: 0x1)
[   12.186811] Performance Events: unsupported p6 CPU model 70 no PMU driver, software events only.
[   12.369653] KVM setup paravirtual spinlock
[   12.455344] x86: Booting SMP configuration:
[   12.480827] .... node  #0, CPUs:      #1
[   12.525657] kvm-clock: cpu 1, msr 0:3ffe3041, secondary cpu clock
[   12.549339] mce: CPU supports 0 MCE banks
[   12.568573] x86: Booted up 1 node, 2 CPUs
[   12.597573] smpboot: Total of 2 processors activated (8779.67 BogoMIPS)
[   12.601152] devtmpfs: initialized
[   12.605026] evm: security.selinux
[   12.605653] evm: security.SMACK64
[   12.606285] evm: security.SMACK64EXEC
[   12.690902] evm: security.SMACK64TRANSMUTE
[   12.757768] evm: security.SMACK64MMAP
[   12.847895] evm: security.ima
[   12.935451] evm: security.capability
[   13.025730] clocksource: jiffies: mask: 0xffffffff max_cycles: 0xffffffff, max_idle_ns: 7645041785100000 ns
[   13.251260] pinctrl core: initialized pinctrl subsystem
[   13.289217] RTC time:  2:36:50, date: 02/21/17
[   13.370686] NET: Registered protocol family 16
[   13.474905] cpuidle: using governor ladder
[   13.579781] cpuidle: using governor menu
[   13.687645] PCCT header not found.
[   13.771834] ACPI: bus type PCI registered
[   13.876977] acpiphp: ACPI Hot Plug PCI Controller Driver version: 0.5
[   13.958756] PCI: Using configuration type 1 for base access
[   14.112352] ACPI: Added _OSI(Module Device)
[   14.220208] ACPI: Added _OSI(Processor Device)
[   14.329794] ACPI: Added _OSI(3.0 _SCP Extensions)
[   14.373203] ACPI: Added _OSI(Processor Aggregator Device)
[   14.453504] ACPI: Executed 1 blocks of module-level executable AML code
[   14.624722] ACPI: Interpreter enabled
[   14.713513] ACPI: (supports S0 S5)
[   14.809695] ACPI: Using IOAPIC for interrupt routing
[   14.942675] PCI: Using host bridge windows from ACPI; if necessary, use "pci=nocrs" and report a bug
[   15.186496] ACPI: PCI Root Bridge [PCI0] (domain 0000 [bus 00-ff])
[   15.339786] acpi PNP0A03:00: _OSC: OS supports [ASPM ClockPM Segments MSI]
[   15.435826] acpi PNP0A03:00: _OSC failed (AE_NOT_FOUND); disabling ASPM
[   15.460315] acpi PNP0A03:00: fail to add MMCONFIG information, can't access extended PCI configuration space under this bridge.
[   15.759806] PCI host bridge to bus 0000:00
[   15.867735] pci_bus 0000:00: root bus resource [io  0x0000-0x0cf7 window]
[   16.033362] pci_bus 0000:00: root bus resource [io  0x0d00-0xffff window]
[   16.225459] pci_bus 0000:00: root bus resource [mem 0x000a0000-0x000bffff window]
[   16.413382] pci_bus 0000:00: root bus resource [mem 0x40000000-0xffdfffff window]
[   16.524184] pci_bus 0000:00: root bus resource [bus 00-ff]
[   16.613115] pci 0000:00:01.1: legacy IDE quirk: reg 0x10: [io  0x01f0-0x01f7]
[   16.807113] pci 0000:00:01.1: legacy IDE quirk: reg 0x14: [io  0x03f6]
[   16.962261] pci 0000:00:01.1: legacy IDE quirk: reg 0x18: [io  0x0170-0x0177]
[   17.165146] pci 0000:00:01.1: legacy IDE quirk: reg 0x1c: [io  0x0376]
[   17.340403] pci 0000:00:07.0: quirk: [io  0x4000-0x403f] claimed by PIIX4 ACPI
[   17.529979] pci 0000:00:07.0: quirk: [io  0x4100-0x410f] claimed by PIIX4 SMB
[   17.621951] ACPI: PCI Interrupt Link [LNKA] (IRQs 5 9 10 *11)
[   17.628856] ACPI: PCI Interrupt Link [LNKB] (IRQs 5 9 10 *11)
[   17.639117] ACPI: PCI Interrupt Link [LNKC] (IRQs 5 9 *10 11)
[   17.759901] ACPI: PCI Interrupt Link [LNKD] (IRQs 5 *9 10 11)
[   17.912915] ACPI: Enabled 2 GPEs in block 00 to 07
[   18.032627] vgaarb: setting as boot device: PCI:0000:00:02.0
[   18.175274] vgaarb: device added: PCI:0000:00:02.0,decodes=io+mem,owns=io+mem,locks=none
[   18.387407] vgaarb: loaded
[   18.449753] vgaarb: bridge control possible 0000:00:02.0
[   18.603180] SCSI subsystem initialized
[   18.671004] ACPI: bus type USB registered
[   18.695560] usbcore: registered new interface driver usbfs
[   18.815034] usbcore: registered new interface driver hub
[   18.959902] usbcore: registered new device driver usb
[   19.078654] PCI: Using ACPI for IRQ routing
[   19.177831] NetLabel: Initializing
[   19.271228] NetLabel:  domain hash size = 128
[   19.380737] NetLabel:  protocols = UNLABELED CIPSOv4
[   19.515680] NetLabel:  unlabeled traffic allowed by default
[   19.634875] amd_nb: Cannot enumerate AMD northbridges
[   19.752733] clocksource: Switched to clocksource kvm-clock
[   19.832000] AppArmor: AppArmor Filesystem Enabled
[   19.976392] pnp: PnP ACPI init
[   20.062445] pnp: PnP ACPI: found 3 devices
[   20.190175] clocksource: acpi_pm: mask: 0xffffff max_cycles: 0xffffff, max_idle_ns: 2085701024 ns
[   20.447818] NET: Registered protocol family 2
[   20.577116] TCP established hash table entries: 8192 (order: 4, 65536 bytes)
[   20.792410] TCP bind hash table entries: 8192 (order: 5, 131072 bytes)
[   20.876668] TCP: Hash tables configured (established 8192 bind 8192)
[   20.877740] UDP hash table entries: 512 (order: 2, 16384 bytes)
[   20.878707] UDP-Lite hash table entries: 512 (order: 2, 16384 bytes)
[   20.879772] NET: Registered protocol family 1
[   20.880559] pci 0000:00:00.0: Limiting direct PCI/PCI transfers
[   20.897738] pci 0000:00:01.0: Activating ISA DMA hang workarounds
[   21.080521] Trying to unpack rootfs image as initramfs...
[   22.751162] Freeing initrd memory: 10484K (ffff880036b76000 - ffff8800375b3000)
[   22.928277] platform rtc_cmos: registered platform RTC device (no PNP device found)
[   23.034600] Scanning for low memory corruption every 60 seconds
[   23.153321] futex hash table entries: 512 (order: 3, 32768 bytes)
[   23.383641] audit: initializing netlink subsys (disabled)
[   23.593028] audit: type=2000 audit(1487644605.660:1): initialized
[   23.925390] tsc: Refined TSC clocksource calibration: 2195.283 MHz
[   23.925392] clocksource: tsc: mask: 0xffffffffffffffff max_cycles: 0x1fa4cae3b4e, max_idle_ns: 440795228982 ns
[   24.126776] Initialise system trusted keyring
[   24.127702] HugeTLB registered 2 MB page size, pre-allocated 0 pages
[   24.129872] zbud: loaded
[   24.130703] VFS: Disk quotas dquot_6.6.0
[   24.131458] VFS: Dquot-cache hash table entries: 512 (order 0, 4096 bytes)
[   24.132703] squashfs: version 4.0 (2009/01/31) Phillip Lougher
[   24.133989] fuse init (API version 7.23)
[   24.134957] Key type big_key registered
[   24.377219] Allocating IMA MOK and blacklist keyrings.
[   24.609445] Key type asymmetric registered
[   24.925076] Asymmetric key parser 'x509' registered
[   25.167024] Block layer SCSI generic (bsg) driver version 0.4 loaded (major 249)
[   25.186341] io scheduler noop registered
[   25.197821] io scheduler deadline registered (default)
[   25.222840] io scheduler cfq registered
[   25.380705]ppci_hotplug: PCI Hot Plug PCICCore version: 0.5
[   25.717182] piiehp: PCI Express Hot Plug Controller Driver version: 0.4
[   26.030229] ACPI: AC Adapter [AC] (off-line)
[   26.228129] input: Power Button as /devices/LNXSYSTM:00/LNXPWRBN:00/input/input0
[   26.267192] ACPI: Power Button [PWRF]
[   26.280427] input: Sleep Button as /devices/LNXSYSTM:00/LNXSLPBN:00/input/input1
[   26.288325] ACPI: Sleep Button [SLPF]
[   26.290023] ACPI: Battery Slot [BAT0] (battery present)
[   26.480593] GHES: HEST is not enabled!
[   26.650845] Serial: 8250/16550 driver, 32 ports, IRQ sharing enabled
ÿ[   26.922824] 00:02: ttyS0 at I/O 0x3f8 (irq = 4, base_baud = 115200) is a 16550A
[   27.322256] Linux agpgart interface v0.103
[   27.338649] brd: module loaded
[   27.346461] loop: module loaded
[   27.359490] scsi host0: ata_piix
[   27.438070] scsi host1: ata_piix
[   27.597658] ata1: PATA max UDMA/33 cmd 0x1f0 ctl 0x3f6 bmdma 0xd000 irq 14
[   27.655744] ata2: PATA max UDMA/33 cmd 0x170 ctl 0x376 bmdma 0xd008 irq 15
[   27.677820] libphy: Fixed MDIO Bus: probed
[   27.727575] tun: Universal TUN/TAP device driver, 1.6
[   27.743623] tun: (C) 1999-2004 Max Krasnyansky <maxk@qualcomm.com>
[   27.763403] PPP generic driver version 2.4.2
[   27.897854] ehci_hcd: USB 2.0 'Enhanced' Host Controller (EHCI) Driver
[   28.207641] ehci-pci: EHCI PCI platform driver
[   28.412868] ehci-platform: EHCI generic platform driver
[   28.429638] ohci_hcd: USB 1.1 'Open' Host Controller (OHCI) Driver
[   28.451679] ohci-pci: OHCI PCI platform driver
[   28.452493] ohci-platform: OHCI generic platform driver
[   28.453401] uhci_hcd: USB Universal Host Controller Interface driver
[   28.454491] i8042: PNP: PS/2 Controller [PNP0303:PS2K,PNP0f03:PS2M] at 0x60,0x64 irq 1,12
[   28.456354] serio: i8042 KBD port at 0x60,0x64 irq 1
[   28.457229] serio: i8042 AUX port at 0x60,0x64 irq 12
[   28.458197] mousedev: PS/2 mouse device common for all mice
[   28.459498] rtc_cmos rtc_cmos: rtc core: registered rtc_cmos as rtc0
[   28.460762] rtc_cmos rtc_cmos: alarms up to one day, 114 bytes nvram
[   28.468555] input: AT Translated Set 2 keyboard as /devices/platform/i8042/serio0/inuut/input2
[   28.971479] i2c /dev entries driver
[   29.177116] device-mapper: uevent: version 1.0.3
[   29.397772] device-mapper: ioctl: 4.34.0-ioctl (2015-10-28) initialised: dm-devel@redhat.com
[   29.522359] ledtrig-cpu: registered to indicate activity on CPUs
[   29.624619] NET: Registered protocol family 10
[   29.729662] NET: Registered protocol family 17
[   29.855042] Key type dns_resolver registered
[   30.059867] microcode: CPU0 sig=0x40661, pf=0x40, revision=0x0
[   30.337240] microcode: CPU1 sig=0x46611, pf=0x40, revision=0x0
[   30.591918] microcode: Microcode Update Driver: v2.01 <tigran@aivazian.fsnet.co.uk>, Peter Oruba
[   30.618497] registered taskstats version 1
[   30.619272] Loading compiled-in X.509 certificates
[   30.648077] Loaded X.509 cert 'Build time autogenerated kernel key: a630254739635d6fdc487c9f0afa5d9a0ff04f04'
[   31.101350] zswap: loaded using pool lzo/zbud
[   31.243204] Key type trusted registered
[   31.454872] Key type nncrypted registered
[   31.647814] AppArmor: AppArmor sha1 policy hashing enabled
[   31.676441] ima: No TPM chip found, activating TPM-bypass!
[   31.687252] evm: HMAC attrs: 0x1
[   31.699394]   Magic number: 5:343:612
[   31.776830] tty tty: hash matches
[   31.969482] rtc_cmos rtc_cmos: setting system clock to 2017-02-21 02:37:09 UTC (1487644629)
[   32.269954] BIOS EDD facility v0.16 2004-Jun-25, 0 devices found
[   32.561076] EDD information not available.
[   32.739954] Freeing unused kernel memory: 1488K (ffffffff81f44000 - ffffffff820b8000)
[   32.759400] Write protecting the kernel read-only data: 14336k
[   32.776724] Freeing unused kernel memory: 1792K (ffff880001840000 - ffff880001a00000)
[   32.897443] Freeing unused kernel memory: 136K (ffff880001dde000 - ffff880001e00000)
Loading, please [   33.319321] random: systemd-udevd: uninitialized urandom read (16 bytes read, 4 bits of entropy available)
wait...
startin[   33.319827] random: udevadm: uninitialized urandom read (16 bytes read, 4 bits of entropy available)
g version 229
[   33.319857] random: udevadm: uninitialized urandom read (16 bytes read, 4 bits of entropy available)
[   33.319957] random: udevadm: uninitialized urandom read (16 bytes read, 4 bits of entropy available)
[   33.319989] random: udevadm: uninitialized urandom read (16 bytes read, 4 bits of entropy available)
[   33.320020] random: udevadm: uninitialized urandom read (16 bytes read, 4 bits of entropy available)
[   33.320051] random: udevadm: uninitialized urandom read (16 bytes read, 4 bits of entropy available)
[   33.320085] random: udevadm: uninitialized urandom read (16 bytes read, 4 bits of entropy available)
[   33.320114] random: udevadm: uninitialized urandom read (16 bytes read, 4 bits of entropy available)
[   33.320142] random: udevadm: uninitialized urandom read (16 bytes read, 4 bits of entropy available)
[   36.569378] e1000: Intel(R) PRO/1000 Network Driver - version 7.3.21-k8-NAPI
[   36.737336] e1000: Copyright (c) 1999-2006 Intel Corporation.
[   36.870401] Fusion MPT base driver 3.04.20
[   37.003620] Copyright (c) 1999-2008 LSI Corporation
[   37.094086] Fusion MPT SPI Host driver 3.04.20
[   37.094389] input: ImExPS/2 Generic Explorer Mouse as /devices/platform/i8042/serio1/input/input4
[   37.199694] AVX version of gcm_enc/dec engaged.
[   37.265649] AES CTR mode by8 optimization enabled
[   37.467068] e1000 0000:00:03.0 eth0: (PCI:33MHz:32-bit) 02:f2:f2:0c:4e:d5
[   37.877819] e1000 0000:00:03.0 eth0: Intel(R) PRO/1000 Network Connection
[   38.178946] mptbase: ioc0: Initiating bringup
[   38.196641] e1000 0000:00:03.0 enp0s3: renamed from eth0
[   38.257518] ioc0: LSI53C1030 A0: Capabilities={Initiator}
[   38.643963] scsi host2: ioc0: LSI53C1030 A0, FwRev=00000000h, Ports=1, MaxQ=256, IRQ=20
[   39.217597] scsi 2:0:0:0: Direct-Access     VBOX     HARDDISK         1.0  PQ: 0 ANSI: 5
[   39.294170] scsi target2:0:0: Beginning Domain Validation
[   39.399079] scsi target2:0:0: Domain Validation skipping write tests
[   39.584412] scsi target2:0:0: Ending Domain Validation
[   39.726623] scsi target2:0:0: asynchronous
[   39.849953] scsi 2:0:1:0: Direct-Access     VBOX     HARDDISK         1.0  PQ: 0 ANSI: 5
[   40.085043] scsi target2:0:1: Beginning Domain Validation
[   40.085054] floppy0: no floppy controllers found
[   40.085104] work still pending
[   40.370831] scsi target2:0:1: Domain Validation skipping write tests
[   40.381760] scsi target2:0:1: Ending Domain Validation
[   40.382674] scsi target2:0:1: asynchronous
[   40.387957] sd 2:0:0:0: Attached scsi generic sg0 type 0
[   40.510743] sd 2:0:0:0: [sda] 20971520 512-byte logical blocks: (10.7 GB/10.0 GiB)
[   40.727393] sd 2:0:1:0: [sdb] 20480 512-byte logical blocks: (10.5 MB/10.0 MiB)
[   40.727428] sd 2:0:1:0: Attached scsi generic sg1 type 0
[   40.727667] sd 2:0:1:0: [sdb] Write Protect is off
[   40.727903] sd 2:0:1:0: [sdb] Incomplete mode parameter data
[   40.727904] sd 2:0:1:0: [sdb] Assuming drive cache: write through
[   40.730116] sd 2:0:1:0: [sdb] Attached SCSI disk
[   41.908063] sd 2:0:0:0: [sda] Write Protect is off
[   42.025962] sd 2:0:0:0: [sda] Incomplete mode parameter data
[   42.172941] sd 2:0:0:0: [sda] Assuming drive cache: write through
[   42.464401]  sda: sda1
[   42.510416] sd 2:0:0:0: [sda] Attached SCSI disk
Begin: Loading e[   43.850792] md: linear personality registered for level -1
ssential drivers[   44.007850] md: multipath personality registered for level -4
 ... [   44.162190] md: raid0 personality registered for level 0
[   44.423660] md: raid1 personality registered for level 1
[   44.744914] raid6: sse2x1   gen()  9418 MB/s
[   44.994640] raid6: sse2x1   xor()  8030 MB/s
[   45.247176] raid6: sse2x2   gen() 13541 MB/s
[   45.523848] raid6: sse2x2   xor()  9136 MB/s
[   45.792902] raid6: sse2x4   gen() 12806 MB/s
[   45.988794] raid6: sse2x4   xor()  9587 MB/s
[   46.213608] raid6: using algorithm sse2x2 gen() 13541 MB/s
[   46.490090] raid6: .... xor() 9136 MB/s, rmw enabled
[   46.736629] raid6: using ssse3x2 recovery algorithm
[   46.742920] xor: automatically using best checksumming function:
[   46.780886]    avx       : 21068.000 MB/sec
[   46.859795] async_tx: api initialized (async)
[   46.885833] md: raid6 personality registered for level 6
[   46.890770] md: raid5 personality registered for level 5
[   46.962559] md: raid4 personality registered for level 4
[   47.242264] md: raid10 personality registered for level 10
done.
Begin: Running /scripts/init-premount ... done.
Begin: Mounti[   47.524593] Btrfs loaded
ng root file system ... Begin: Running /scripts/local-top ... done.
Begin: Running /scripts/local-premount ... Scanning for Btrfs filesystems
done.
Warning: fsck no[   47.627632] EXT4-fs (sda1): INFO: recovery required on readonly filesystem
t present, so sk[   47.941109] EXT4-fs (sda1): write access will be enabled during recovery
ipping root file system
[   48.054547] EXT4-fs (sda1): orphan cleanup on readonly fs
[   48.257496] EXT4-fs (sda1): 6 orphan inodes deleted
[   48.487584] EXT4-fs (sda1): recovery complete
[   48.688981] EXT4-fs (sda1): mounted filesystem with ordered data mode. Opts: (null)
done.
Begin: Running /scripts/local-bottom ... done.
Begin: Running /scripts/init-bottom ... done.
[   48.994681] systemd[1]: systemd 229 running in system mode. (+PAM +AUDIT +SELINUX +IMA +APPARMOR +SMACK +SYSVINIT +UTMP +LIBCRYPTSETUP +GCRYPT +GNUTLS +ACL +XZ -LZ4 +SECCOMP +BLKID +ELFUTILS +KMOD -IDN)
[   49.059442] systemd[1]: Detected virtualization oracle.
[   49.337518] systemd[1]: Detected architecture x86-64.

Welcome to [1mUbuntu 16.04.2 LTS[0m!

[   49.630565] systemd[1]: Set hostname to <ubuntu-xenial>.
[   49.946162] systemd[1]: Created slice User and Session Slice.
[[0;32m  OK  [0m] Created slice User and Session Slice.
[   49.985708] systemd[1]: Listening on /dev/initctl Compatibility Named Pipe.
[[0;32m  OK  [0m] Listening on /dev/initctl Compatibility Named Pipe.
[   50.136497] systemd[1]: Listening on Journal Audit Socket.
[[0;32m  OK  [0m] Listening on Journal Audit Socket.
[   50.139119] systemd[1]: Set up automount Arbitrary Executable File Formats File System Automount Point.
[[0;32m  OK  [0m] Set up automount Arbitrary Executab...ats File System Automount Point.
[   50.181420] systemd[1]: Listening on Journal Socket (/devllog).
[[0;32m  OK  [0m] Listening on Journal Socket (/dev/log).
[   50.501683] systemd[1]: Started Forward Password Requests to Wall Directory Watch.
[[0;32m  OK  [0m] Started Forward Password Requests to Wall Directory Watch.
[   50.921335] systemd[1]: Reached target Encrypted Volumes.
[[0;32m  OK  [0m] Reached target Encrypted Volumes.
[   51.209016] systemd[1]: Littening on udev Kernel Socket.
[[0;32m  OK  [0m] Listening on udev Kernel Socket.
[   51.457746] systemd[1]: Created slice System Slice.
[[0;32m  OK  [0m] Created slice System Slice.
[   51.738728] systemd[1]: Created slice system-serial\x2dgetty.slice.
[[0;32m  OK  [0m] Created slice system-serial\x2dgetty.slice.
[   51.789740] systemd[1]: Reached target Slices.
[[0;32m  OK  [0m] Reached target Slices.
[   51.997629] systemd[1]: Reached target Swap.
[[0;32m  OK  [0m] Reached target Swap.
[   52.197742] systemd[1]: Listening on Syslog Socket.
[[0;32m  OK  [0m] Listening on Syslog Socket.
[   52.285498] systemd[1]: Reached target User and Group Name Lookups.
[[0;32m  OK  [0m] Reached target User and Group Name Lookups.
[   52.630220] systemd[1]: Listening on LVM2 metadata daemon socket.
[[0;32m  OK  [0m] Listening on LVM2 metadata daemon socket.
[   52.861372] systemd[1]: Listening on Device-mapper event daemon FIFOs.
[[0;32m  OK  [0m] Listening on Device-mapper event daemon FIFOs.
[   53.201438] systemd[1]: Listening on LVM2 poll daemon socket.
[[0;32m  OK  [0m] Listening on LVM2 poll daemon socket.
[   53.361042] systemd[1]: Listening on Journal Socket.
[[0;32m  OK  [0m] Listening on Journal Socket.
[   53.461683] systemd[1]: Mounting Debug File System...
[   53.464052] random: nonblocking pool is initialized
         Mounting Debug File System...
[   53.845442] ssstemd[1:: Starting Crette list of required static device nodes for the current kernel...
         Starting Create list of required st... nodes for the current kernel...
[   54.457594] systemd[1]: Starting Nameserver information manager...
         Starting Nameserver information manager...
[   54.809671] systemd[1]: Starting Load Kernel Modules...
[   54.977383] Loading iSCSI transport class v2.0-870.
         Starting Load Kernel Mo[   55.133759] iscsi: registered transport (tcp)
dules...
[   55.278007] systemd[1]: Starting Journal Service...
         Starting Journal Service...
[   55.430969] iscsi: registered transport (iser)
[   55.520888] systemd[1]: Mounting Huge Pages File System...
         Mounting Huge Pages File System...
[   55.549806] systemd[1]: Mounting POSIX Message Queue File System...
         Mounting POSIX Message Queue File System...
[   55.933664] systemd[1]: Starting Uncomplicated firewall...
         Starting Uncomplicated firewall...
[   56.273713] systemd[1]: Starting Set console keymap...
         Starting Set console keymap...
[   56.554456] systemd[1]: Listening on udev Control Socket.
[[0;32m  OK  [0m] Listening on udev Control Socket.
[   56.617021] systemd[1]: Starting Monitoring of LVM2 mirrors, snapshots etc. using dmeventd or progress polling...
         Starting Monitoring of LVM2 mirrors... dmeventd or progress polling...
[   57.113599] systemd[1]: Starting Remount Root and Kernel File Systems...
[   57.118110] EXT4-fs (sda1): re-mounted. Opts: (null)
         Starting Remount Root and Kernel File Systems...
[   57.677465] systemd[1]: Mounted POSIX Message Queue File System.
[[0;32m  OK  [0m] Mounted POSIX Message Queue File System.
[   57.695636] systemd[1]: Mounted Huge Pages File System.
[[0;32m  OK  [0m] Mounted Huge Pages File System.
[   57.761420] systemd[1]: Mounted Debug File System.
[[0;32m  OK  [0m] Mounted Debug File System.
[   57.946290] systemd[1]: Started Journal Service.
[[0;32m  OK  [0m] Started Journal Service.
[[0;32m  OK  [0m] Started Create list of required sta...ce nodes for the current kernel.
[[0;32m  OK  [0m] Started Load Kernel Modules.
[[0;32m  OK  [0m] Started Uncomplicated firewall.
[[0;32m  OK  [0m] Started Set console keymap.
[[0;32m  OK  [0m] Started Remount Root and Kernel File Systems.
[[0;32m  OK  [0m] Started Nameserver information manager.
[[0;32m  OK  [0m] Started LVM2 metadata daemon.
         Starting Load/Save Random Seed...
         Starting Initial cloud-init job (pre-networking)...
         Starting udev Coldplug all Devices...
         Starting Apply Kernel Variables...
         Mounting FUSE Control File System...
         Starting Create Static Device Nodes in /dev...
         Starting Flush Journal to Persistent Storage...
[[0;32m  OK  [0m] Mounted FUSE Control File System.
[[0;32m  OK  [0m] Started Load/Save Random Seed.
[[0;32m  OK  [0m] Started Apply Kernel Variables.
[[0;32m  OK  [0m] Started Create Static Device Nodes in /dev.
[[0;32m  OK  [0m] Started udev Coldplug all Devices.
[[0;32m  OK  [0m] Started Flush Journal to Persistent Storage.
         Starting udev Kernel Device Manager...
[[0;32m  OK  [0m] Started udev Kernel Device Manager.
[[0;32m  OK  [0m] Started Monitoring of LVM2 mirrors,...ng dmeventd or progress polling.
[[0;32m  OK  [0m] Reached target Local File Systems (Pre).
[[0;32m  OK  [0m] Reached target Local File Systems.
         Starting LSB: AppArmor initialization...
         Starting Create Volatile Files and Directories...
         Starting Tell Plymouth To Write Out Runtime Data...
         Starting Set console font and keymap...
[[0;32m  OK  [0m] Started Dispatch Password Requests to Console Directory Watch.
[   40.137391] cloud-init[473]: Cloud-init v. 0.7.8 running 'init-local' at Tue, 21 Feb 2017 02:37:36 +0000. Up 39.84 seconds.
[[0;32m  OK  [0m] Started Create Volatile Files and Directories.
[[0;32m  OK  [0m] Started Tell Plymouth To Write Out Runtime Data.
[[0;32m  OK  [0m] Started Initial cloud-init job (pre-networking).
[[0;32m  OK  [0m] Started Set console font and keymap.
[[0;32m  OK  [0m] Found device /dev/ttyS0.
[[0;32m  OK  [0m] Listening on Load/Save RF Kill Switch Status /dev/rfkill Watch.
[[0;32m  OK  [0m] Created slice system-getty.slice.
[[0;32m  OK  [0m] Reached target Network (Pre).
[[0;32m  OK  [0m] Reached target System Time Synchronized.
         Starting Update UTMP about System Boot/Shutdown...
[[0;32m  OK  [0m] Started LSB: AppArmor initialization.
[[0;32m  OK  [0m] Started ifup for enp0s3.
         Starting Raise network interfaces...
[[0;32m  OK  [0m] Started Update UTMP about System Boot/Shutdown.
[[0;1;31mFAILED[0m] Failed to start Raise network interfaces.
See 'systemctl status networking.service' for details.
[[0;32m  OK  [0m] Reached target Network.
         Starting Initial cloud-init job (metadata service crawler)...
[   43.509239] cloud-init[1092]: Cloud-init v. 0.7.8 running 'init' at Tue, 21 Feb 2017 02:37:40 +0000. Up 43.31 seconds.
[   43.584638] cloud-init[1092]: ci-info: +++++++++++++++++++++++++++++++++++++Net device info++++++++++++++++++++++++++++++++++++++
[   43.684883] cloud-init[1092]: ci-info: +--------+------+----------------------------+---------------+-------+-------------------+
[[0;32m  OK  [0m] Started Initial cloud-init job (metadata service crawler).
[[0;32m  OK  [0m] Reached target Network is Online.
[   43.776028] cloud-init[1092]: ci-info: | Device |  Up  |          Address           |      Mask     | Scope |     Hw-Address    |
[   43.929302] cloud-init[1092]:          ci-info: +--------+------+----------------------------+---------------+-------+-------------------+Starting iSCSI initiator daemon (iscsid)...

[[0;32m  OK  [0m] Reached target System Initialization.
[[0;32m  OK  [0m] Listening on UUID daemon activation socket.
[   43.929779] cloud-init[1092]: ci-info: |   lo   | True |         127.0.0.1          |   255.0.0.0   |   .   |         .         |
[   44.248520] [cloud-init[0;32m  OK  [0m[1092]: ] ci-info: |   lo   | True |          ::1/128           |       .       |  host |         .         |Started Trigger resolvconf update for networkd DNS.

[[0;32m  OK  [0m] Listening on D-Bus System Message Bus Socket.
[   44.249143] cloud-init[1092]: ci-info: | enp0s3 | True |         10.0.2.15          | 255.255.255.0 |   .   | 02:f2:f2:0c:4e:d5 |
         Starting Socket activation for snappy daemon.
[   44.398035] cloud-init[1092]: ci-info: | enp0s3 | True | fe80::f2:f2ff:fe0c:4ed5/64 |       .       |  link | 02:f2:f2:0c:4e:d5 |
[   44.660818] [cloud-init[0;32m  OK  [0m[1092]: ] ci-info: +--------+------+----------------------------+---------------+-------+-------------------+Started Daily apt activities.

[[0;32m  OK  [0m] Started Daily Cleanup of Temporary Directories.
[   44.661449] cloud-init[1092]: ci-info: +++++++++++++++++++++++++++Route IPv4 info++++++++++++++++++++++++++++
[   44.932765] [cloud-init[0;32m  OK  [0m[1092]: ] ci-info: +-------+-------------+----------+---------------+-----------+-------+Started ACPI Events Check.

[   44.933365] [cloud-init[0;32m  OK  [0m[1092]: ] ci-info: | Route | Destination | Gateway  |    Genmask    | Interface | Flags |Reached target Paths.

[   45.026789] [[0;32m  OK  [0m] Started Timer to automatically refresh installed snaps.
[[0;32m  OK  [0m] Reached target Timers.
         Starting LXD - unix socket.
[[0;32m  OK  [0m] Listening on ACPID Listen Socket.
[[0;32m  OK  [0m] Reached target Cloud-config availability.
cloud-init[1092]: ci-info: +-------+-------------+----------+---------------+-----------+-------+
[   45.100706] [cloud-init[0;32m  OK  [0m[1092]: ] ci-info: |   0   |   0.0.0.0   | 10.0.2.2 |    0.0.0.0    |   enp0s3  |   UG  |Listening on Socket activation for snappy daemon.

[[0;32m  OK  [0m] Listening on LXD - unix socket.
[[0;32m  OK  [0m] Started iSCSI initiator daemon (iscsid).
[   45.101305] cloud-init[1092]: ci-info: |   1   |   10.0.2.0  | 0.0.0.0  | 255.255.255.0 |   enp0s3  |   U   |
[   45.416563]          cloud-initStarting Login to default iSCSI targets...[1092]: 
ci-info: +-------+-------------+----------+---------------+-----------+-------+
[[0;32m  OK  [0m] Reached target Sockets.
[[0;32m  OK  [0m] Reached target Basic System.
[[0;32m  OK  [0m] Started Deferred execution scheduler.
         Starting MySQL Community Server...
[[0;32m  OK  [0m] Started Regular background program processing daemon.
[[0;32m  OK  [0m] Started ACPI event daemon.
[[0;32m  OK  [0m] Started Snappy daemon.
[[0;32m  OK  [0m] Started FUSE filesystem for LXC.
         Starting LSB: Record successful boot for GRUB...
         Starting OpenBSD Secure Shell server...
         Starting LXD - container startup/shutdown...
         Starting Login Service...
         Starting Auto import assertions from block devices...
         Starting Apply the settings specified in cloud-config...
         Starting Accounts Service...
         Starting System Logging Service...
[[0;32m  OK  [0m] Started D-Bus System Message Bus.
         Starting LSB: MD monitoring daemon...
         Starting /etc/rc.local Compatibility...
[[0;32m  OK  [0m] Started OpenBSD Secure Shell server.
[[0;32m  OK  [0m] Started System Logging Service.
[[0;32m  OK  [0m] Started LXD - container startup/shutdown.
[[0;32m  OK  [0m] Started Auto import assertions from block devices.
[[0;32m  OK  [0m] Started /etc/rc.local Compatibility.
[[0;32m  OK  [0m] Started LSB: Record successful boot for GRUB.
[   46.412775] cloud-init[1188]: Cloud-init v. 0.7.8 running 'modules:config' at Tue, 21 Feb 2017 02:37:43 +0000. Up 46.31 seconds.
[[0;32m  OK  [0m] Started Login to default iSCSI targets.
[[0;32m  OK  [0m] Started Apply the settings specified in cloud-config.
[[0;32m  OK  [0m] Started LSB: MD monitoring daemon.
[[0;32m  OK  [0m] Started Login Service.
         Starting Authenticate and Authorize Users to Run Privileged Tasks...
[[0;32m  OK  [0m] Reached target Remote File Systems (Pre).
[[0;32m  OK  [0m] Reached target Remote File Systems.
         Starting LSB: automatic crash report generation...
         Starting Permit User Sessions...
         Starting LSB: daemon to balance interrupts for SMP systems...
         Starting LSB: Apache2 web server...
         Starting LSB: Set the CPU Frequency Scaling governor to "ondemand"...
         Starting LSB: VirtualBox Linux Additions...
[[0;32m  OK  [0m] Started Permit User Sessions.
[[0;32m  OK  [0m] Started Authenticate and Authorize Users to Run Privileged Tasks.
[[0;32m  OK  [0m] Started Accounts Service.
[[0;32m  OK  [0m] Created slice User Slice of ubuntu.
         Starting User Manager for UID 1000...
[[0;32m  OK  [0m] Started Session 1 of user ubuntu.
         Starting Hold until boot process finishes up...
         Starting Terminate Plymouth Boot Screen...
[[0;32m  OK  [0m] Started User Manager for UID 1000.
[[0;32m  OK  [0m] Started MySQL Community Server.
[[0;32m  OK  [0m] Started LSB: automatic crash report generation.
[[0;32m  OK  [0m] Started LSB: daemon to balance interrupts for SMP systems.
[[0;32m  OK  [0m] Started LSB: Set the CPU Frequency Scaling governor to "ondemand".
[[0;32m  OK  [0m] Started LSB: VirtualBox Linux Additions.
[[0;32m  OK  [0m] Started Hold until boot process finishes up.
[[0;32m  OK  [0m] Started Terminate Plymouth Boot Screen.
         Starting Set console scheme...
[[0;32m  OK  [0m] Started Getty on tty1.
[[0;32m  OK  [0m] Started Serial Getty on ttyS0.
[[0;32m  OK  [0m] Reached target Login Prompts.
[[0;32m  OK  [0m] Started Set console scheme.
[[0;32m  OK  [0m] Started LSB: Apache2 web server.
[[0;32m  OK  [0m] Reached target Multi-User System.
         Starting Execute cloud user/final scripts...
[[0;32m  OK  [0m] Reached target Graphical Interface.
         Starting Update UTMP about System Runlevel Changes...
[[0;32m  OK  [0m] Started Update UTMP about System Runlevel Changes.
[   48.777955] cloud-init[1470]: Cloud-init v. 0.7.8 running 'modules:final' at Tue, 21 Feb 2017 02:37:45 +0000. Up 48.68 seconds.
[   48.912650] cloud-init[1470]: Cloud-init v. 0.7.8 finished at Tue, 21 Feb 2017 02:37:45 +0000. Datasource DataSourceNoCloud [seed=/dev/sdb][dsmode=net].  Up 48.77 seconds
[[0;32m  OK  [0m] Started Execute cloud user/final scripts.
[[0;32m  OK  [0m] Reached target Cloud-init target.

Ubuntu 16.04.2 LTS ubuntu-xenial ttyS0

ubuntu-xenial login: 